

Starting the constrained Gauss-Newton method. Cost at starting value: [COST AT START]
+-----------+-------------------------+-------------------------+-------------------------+-------------------------+-------------------------+
| Iteration | Cost                    | Constraint violation    | Stepsize (||p||)        | Steplength (h)          | Computation time [s]    |
+-----------+-------------------------+-------------------------+-------------------------+-------------------------+-------------------------+
+-----------+-------------------------+-------------------------+-------------------------+-------------------------+-------------------------+
|     0     |    0.3186704820245915   |          1e-12          |    1.5820076947372268   |           1.0           |  0.00044083595275878906 |
+-----------+-------------------------+-------------------------+-------------------------+-------------------------+-------------------------+
|     1     |   -0.6405923506316715   |          1e-12          |    2.957241541271739    |           0.5           |  0.0007264614105224609  |
+-----------+-------------------------+-------------------------+-------------------------+-------------------------+-------------------------+
|     2     |   0.017492769651161148  |          1e-12          |    3.1121181639117235   |           0.25          |  0.0010373592376708984  |
+-----------+-------------------------+-------------------------+-------------------------+-------------------------+-------------------------+
|     3     |    0.4119087706219548   |          1e-12          |    3.0442773868432393   |          0.125          |  0.0014209747314453125  |
+-----------+-------------------------+-------------------------+-------------------------+-------------------------+-------------------------+
|     4     |    0.6437576513294186   |          1e-12          |    3.917458231355037    |          0.0625         |  0.0018763542175292969  |
+-----------+-------------------------+-------------------------+-------------------------+-------------------------+-------------------------+
|     5     |   -0.12004418265687332  |          1e-12          |    3.3716735754684173   |         0.03125         |   0.002463817596435547  |
+-----------+-------------------------+-------------------------+-------------------------+-------------------------+-------------------------+
|     6     |   -0.22605057166601197  |          1e-12          |    2.1716342011450376   |         0.015625        |   0.003346681594848633  |
+-----------+-------------------------+-------------------------+-------------------------+-------------------------+-------------------------+
|     7     |    0.4090659738157429   |          1e-12          |    3.7391819907654544   |        0.0078125        |   0.004499673843383789  |
+-----------+-------------------------+-------------------------+-------------------------+-------------------------+-------------------------+
|     8     |   -0.14727771125300357  |          1e-12          |    3.440285996059604    |        0.00390625       |  0.0052640438079833984  |
+-----------+-------------------------+-------------------------+-------------------------+-------------------------+-------------------------+
|     9     |  -0.023148051677395615  |          1e-12          |    2.687410973798108    |       0.001953125       |   0.006158590316772461  |
+-----------+-------------------------+-------------------------+-------------------------+-------------------------+-------------------------+
|     10    |    1.1128211830029509   |          1e-12          |    4.888900262953929    |       0.0009765625      |  0.0071027278900146484  |
+-----------+-------------------------+-------------------------+-------------------------+-------------------------+-------------------------+
|     11    |  -0.039579958237400334  |          1e-12          |    2.1901388916444544   |      0.00048828125      |   0.00835561752319336   |
+-----------+-------------------------+-------------------------+-------------------------+-------------------------+-------------------------+
|     12    |   -0.21344565210947192  |          1e-12          |    3.170259485159618    |      0.000244140625     |   0.009411096572875977  |
+-----------+-------------------------+-------------------------+-------------------------+-------------------------+-------------------------+
The iteration converged successfully after 13 steps.
Minimum of cost function: [MINIMUM]


Starting the constrained Gauss-Newton method. Cost at starting value: [COST AT START]
+-----------+-------------------------+-------------------------+-------------------------+-------------------------+-------------------------+
| Iteration | Cost                    | Constraint violation    | Stepsize (||p||)        | Steplength (h)          | Computation time [s]    |
+-----------+-------------------------+-------------------------+-------------------------+-------------------------+-------------------------+
+-----------+-------------------------+-------------------------+-------------------------+-------------------------+-------------------------+
|     0     |   -0.9703482367669883   |          1e-12          |    2.777124105002286    |           1.0           |  0.0003437995910644531  |
+-----------+-------------------------+-------------------------+-------------------------+-------------------------+-------------------------+
|     1     |   -0.16034581851762705  |          1e-12          |    3.2671831050205857   |           0.5           |  0.0005767345428466797  |
+-----------+-------------------------+-------------------------+-------------------------+-------------------------+-------------------------+
|     2     |    -1.767573979330681   |          1e-12          |    3.349315676512694    |           0.25          |  0.0008847713470458984  |
+-----------+-------------------------+-------------------------+-------------------------+-------------------------+-------------------------+
|     3     |   -0.5545326341761185   |          1e-12          |    3.426652568720231    |          0.125          |  0.0012624263763427734  |
+-----------+-------------------------+-------------------------+-------------------------+-------------------------+-------------------------+
|     4     |   -0.9603825553024653   |          1e-12          |    2.223832845085235    |          0.0625         |   0.00170135498046875   |
+-----------+-------------------------+-------------------------+-------------------------+-------------------------+-------------------------+
|     5     |   -0.16281685033442156  |          1e-12          |    3.0099465017797744   |         0.03125         |   0.002209901809692383  |
+-----------+-------------------------+-------------------------+-------------------------+-------------------------+-------------------------+
|     6     |    1.2687159682517024   |          1e-12          |    2.618883846470194    |         0.015625        |  0.0028874874114990234  |
+-----------+-------------------------+-------------------------+-------------------------+-------------------------+-------------------------+
|     7     |    0.7984894987012698   |          1e-12          |    3.0772648897222314   |        0.0078125        |   0.003544330596923828  |
+-----------+-------------------------+-------------------------+-------------------------+-------------------------+-------------------------+
|     8     |    -0.535137794330636   |          1e-12          |    3.3474768043447876   |        0.00390625       |   0.004274606704711914  |
+-----------+-------------------------+-------------------------+-------------------------+-------------------------+-------------------------+
|     9     |    0.6939606756306882   |          1e-12          |    2.8509643355976255   |       0.001953125       |   0.005155086517333984  |
+-----------+-------------------------+-------------------------+-------------------------+-------------------------+-------------------------+
|     10    |    0.4842584678104462   |          1e-12          |    2.6173971068760995   |       0.0009765625      |  0.0060405731201171875  |
+-----------+-------------------------+-------------------------+-------------------------+-------------------------+-------------------------+
|     11    |   -0.8411300218436022   |          1e-12          |    2.878603752559539    |      0.00048828125      |   0.007080554962158203  |
+-----------+-------------------------+-------------------------+-------------------------+-------------------------+-------------------------+
|     12    |    1.6572194336928736   |          1e-12          |    3.4239826834413063   |      0.000244140625     |   0.008515596389770508  |
+-----------+-------------------------+-------------------------+-------------------------+-------------------------+-------------------------+
The iteration converged successfully after 13 steps.
Minimum of cost function: [MINIMUM]


Starting the constrained Gauss-Newton method. Cost at starting value: [COST AT START]
+-----------+-------------------------+-------------------------+-------------------------+-------------------------+-------------------------+
| Iteration | Cost                    | Constraint violation    | Stepsize (||p||)        | Steplength (h)          | Computation time [s]    |
+-----------+-------------------------+-------------------------+-------------------------+-------------------------+-------------------------+
+-----------+-------------------------+-------------------------+-------------------------+-------------------------+-------------------------+
|     0     |    0.4897066425823615   |          1e-12          |    2.155724003514873    |           1.0           |  0.0001895427703857422  |
+-----------+-------------------------+-------------------------+-------------------------+-------------------------+-------------------------+
|     1     |    0.5203459454850959   |          1e-12          |     3.0357057148511     |           0.5           |  0.0004949569702148438  |
+-----------+-------------------------+-------------------------+-------------------------+-------------------------+-------------------------+
|     2     |   0.20260725968247364   |          1e-12          |    3.601905692284827    |           0.25          |  0.0007891654968261719  |
+-----------+-------------------------+-------------------------+-------------------------+-------------------------+-------------------------+
|     3     |    1.0462367943707538   |          1e-12          |    2.2809117218724224   |          0.125          |  0.0011491775512695312  |
+-----------+-------------------------+-------------------------+-------------------------+-------------------------+-------------------------+
|     4     |    1.8088898275649044   |          1e-12          |    2.682619986413857    |          0.0625         |  0.0016493797302246094  |
+-----------+-------------------------+-------------------------+-------------------------+-------------------------+-------------------------+
|     5     |    1.1677563487816607   |          1e-12          |    3.1316790995466035   |         0.03125         |  0.0022890567779541016  |
+-----------+-------------------------+-------------------------+-------------------------+-------------------------+-------------------------+
|     6     |   -1.3920998011273702   |          1e-12          |    2.5328605161600195   |         0.015625        |  0.0029184818267822266  |
+-----------+-------------------------+-------------------------+-------------------------+-------------------------+-------------------------+
|     7     |    -3.158609034152955   |          1e-12          |    2.9075936656498196   |        0.0078125        |  0.0035715103149414062  |
+-----------+-------------------------+-------------------------+-------------------------+-------------------------+-------------------------+
|     8     |   -1.1139489529026807   |          1e-12          |    3.059446136794987    |        0.00390625       |   0.004299640655517578  |
+-----------+-------------------------+-------------------------+-------------------------+-------------------------+-------------------------+
|     9     |    0.1354233416946609   |          1e-12          |    2.727969433333601    |       0.001953125       |   0.005218982696533203  |
+-----------+-------------------------+-------------------------+-------------------------+-------------------------+-------------------------+
|     10    |    0.2847373699100561   |          1e-12          |    3.448290221093674    |       0.0009765625      |   0.006093263626098633  |
+-----------+-------------------------+-------------------------+-------------------------+-------------------------+-------------------------+
|     11    |    1.6698801417035136   |          1e-12          |    3.228032297341186    |      0.00048828125      |   0.007044553756713867  |
+-----------+-------------------------+-------------------------+-------------------------+-------------------------+-------------------------+
|     12    |    1.8793662689777906   |          1e-12          |    3.3197048340526942   |      0.000244140625     |   0.008139848709106445  |
+-----------+-------------------------+-------------------------+-------------------------+-------------------------+-------------------------+
The iteration converged successfully after 13 steps.
Minimum of cost function: [MINIMUM]
