Logging works.


Starting the constrained Gauss-Newton method. Cost at starting value: [COST AT START]
+-----------+-------------------------+-------------------------+-------------------------+-------------------------+
| Iteration | Cost                    | Stepsize (||p||)        | Steplength (h)          | Computation time [s]    |
+-----------+-------------------------+-------------------------+-------------------------+-------------------------+
+-----------+-------------------------+-------------------------+-------------------------+-------------------------+
|     0     |    0.7112425639618518   |    3.7429590014502674   |           1.0           |   0.10117793083190918   |
+-----------+-------------------------+-------------------------+-------------------------+-------------------------+
|     1     |   0.08570044575807642   |    2.3673889696617274   |           0.5           |   0.20312786102294922   |
+-----------+-------------------------+-------------------------+-------------------------+-------------------------+
|     2     |   -0.6621786832582408   |    3.6687184498876078   |           0.25          |    0.3053719997406006   |
+-----------+-------------------------+-------------------------+-------------------------+-------------------------+
|     3     |    -0.976863541431839   |    4.491286221878652    |          0.125          |   0.40793919563293457   |
+-----------+-------------------------+-------------------------+-------------------------+-------------------------+
|     4     |    1.8555329238866896   |    2.806406555142946    |          0.0625         |    0.5109450817108154   |
+-----------+-------------------------+-------------------------+-------------------------+-------------------------+
|     5     |    0.5217228933409106   |    3.1512039542453762   |         0.03125         |    0.6143136024475098   |
+-----------+-------------------------+-------------------------+-------------------------+-------------------------+
|     6     |   -1.4967531634523743   |    3.3051604766533083   |         0.015625        |    0.718193769454956    |
+-----------+-------------------------+-------------------------+-------------------------+-------------------------+
|     7     |    0.8273817329479284   |    2.9184663031648075   |        0.0078125        |    0.8220393657684326   |
+-----------+-------------------------+-------------------------+-------------------------+-------------------------+
|     8     |   -0.3011689953384503   |    3.016546718414367    |        0.00390625       |    0.9264965057373047   |
+-----------+-------------------------+-------------------------+-------------------------+-------------------------+
|     9     |    1.2627338919600581   |    3.4582640543876377   |       0.001953125       |    1.0313138961791992   |
+-----------+-------------------------+-------------------------+-------------------------+-------------------------+
|     10    |    0.7844923297377769   |    2.8048305437227743   |       0.0009765625      |    1.1364295482635498   |
+-----------+-------------------------+-------------------------+-------------------------+-------------------------+
|     11    |    1.819463423325549    |    3.442964124189629    |      0.00048828125      |    1.2415776252746582   |
+-----------+-------------------------+-------------------------+-------------------------+-------------------------+
|     12    |   -1.6992902764249798   |    3.877753419695478    |      0.000244140625     |    1.3475871086120605   |
+-----------+-------------------------+-------------------------+-------------------------+-------------------------+
The iteration converged successfully after 13 steps.
Minimum of cost function: [MINIMUM]


Starting the constrained Gauss-Newton method. Cost at starting value: [COST AT START]
+-----------+-------------------------+-------------------------+-------------------------+-------------------------+
| Iteration | Cost                    | Stepsize (||p||)        | Steplength (h)          | Computation time [s]    |
+-----------+-------------------------+-------------------------+-------------------------+-------------------------+
+-----------+-------------------------+-------------------------+-------------------------+-------------------------+
|     0     |   0.26534735508196566   |    4.613479599200982    |           1.0           |    0.1011359691619873   |
+-----------+-------------------------+-------------------------+-------------------------+-------------------------+
|     1     |   -0.03846002702402692  |    2.573211046788123    |           0.5           |    0.2021334171295166   |
+-----------+-------------------------+-------------------------+-------------------------+-------------------------+
|     2     |   -1.3843864339965768   |    4.620098643422324    |           0.25          |    0.304490327835083    |
+-----------+-------------------------+-------------------------+-------------------------+-------------------------+
|     3     |   -0.7490066465758471   |    3.5464527326822153   |          0.125          |    0.4072246551513672   |
+-----------+-------------------------+-------------------------+-------------------------+-------------------------+
|     4     |   0.07792725447260121   |    2.0818593280056654   |          0.0625         |    0.5100803375244141   |
+-----------+-------------------------+-------------------------+-------------------------+-------------------------+
|     5     |    0.8713812669985403   |    3.0492906012692234   |         0.03125         |    0.6132452487945557   |
+-----------+-------------------------+-------------------------+-------------------------+-------------------------+
|     6     |   -0.6106391544599109   |    1.483176010329521    |         0.015625        |    0.7171015739440918   |
+-----------+-------------------------+-------------------------+-------------------------+-------------------------+
|     7     |   -1.0646117894710134   |    4.143639743528841    |        0.0078125        |    0.8211550712585449   |
+-----------+-------------------------+-------------------------+-------------------------+-------------------------+
|     8     |    1.0677852699145949   |    2.9985428472445506   |        0.00390625       |    0.9256858825683594   |
+-----------+-------------------------+-------------------------+-------------------------+-------------------------+
|     9     |   -0.10484484837957321  |    4.610818263844151    |       0.001953125       |    1.0302956104278564   |
+-----------+-------------------------+-------------------------+-------------------------+-------------------------+
|     10    |   -0.2701852741859383   |    3.138309371814479    |       0.0009765625      |    1.135117769241333    |
+-----------+-------------------------+-------------------------+-------------------------+-------------------------+
|     11    |    1.2333422289810614   |     3.0976298876857     |      0.00048828125      |    1.240380048751831    |
+-----------+-------------------------+-------------------------+-------------------------+-------------------------+
|     12    |   -0.26855370643910975  |    3.7389437242898182   |      0.000244140625     |    1.3458828926086426   |
+-----------+-------------------------+-------------------------+-------------------------+-------------------------+
The iteration converged successfully after 13 steps.
Minimum of cost function: [MINIMUM]


Starting the constrained Gauss-Newton method. Cost at starting value: [COST AT START]
+-----------+-------------------------+-------------------------+-------------------------+-------------------------+
| Iteration | Cost                    | Stepsize (||p||)        | Steplength (h)          | Computation time [s]    |
+-----------+-------------------------+-------------------------+-------------------------+-------------------------+
+-----------+-------------------------+-------------------------+-------------------------+-------------------------+
|     0     |   -0.25198933716181776  |    3.9032447533066192   |           1.0           |   0.10117506980895996   |
+-----------+-------------------------+-------------------------+-------------------------+-------------------------+
|     1     |    0.8427039511936081   |    3.469307013761452    |           0.5           |   0.20219683647155762   |
+-----------+-------------------------+-------------------------+-------------------------+-------------------------+
|     2     |   -0.12569002526013795  |    2.943487925682088    |           0.25          |   0.30449414253234863   |
+-----------+-------------------------+-------------------------+-------------------------+-------------------------+
|     3     |    3.411287182001245    |     3.8353158397614     |          0.125          |    0.407031774520874    |
+-----------+-------------------------+-------------------------+-------------------------+-------------------------+
|     4     |    -2.093494113121153   |    2.8900883131892954   |          0.0625         |    0.510014533996582    |
+-----------+-------------------------+-------------------------+-------------------------+-------------------------+
|     5     |   -1.3038123191665811   |    2.785808730269625    |         0.03125         |    0.613377571105957    |
+-----------+-------------------------+-------------------------+-------------------------+-------------------------+
|     6     |   0.45492124927574185   |    3.1440785143412207   |         0.015625        |    0.7144341468811035   |
+-----------+-------------------------+-------------------------+-------------------------+-------------------------+
|     7     |   0.07179098645164834   |    2.9024178990519256   |        0.0078125        |    0.8182346820831299   |
+-----------+-------------------------+-------------------------+-------------------------+-------------------------+
|     8     |    0.6800189049101578   |    2.053327827706001    |        0.00390625       |    0.9224088191986084   |
+-----------+-------------------------+-------------------------+-------------------------+-------------------------+
|     9     |   -0.6513215860611768   |    2.7993052664254163   |       0.001953125       |    1.026810646057129    |
+-----------+-------------------------+-------------------------+-------------------------+-------------------------+
|     10    |   0.42025982100759046   |    4.498948180403883    |       0.0009765625      |    1.1314289569854736   |
+-----------+-------------------------+-------------------------+-------------------------+-------------------------+
|     11    |    1.2451080296419237   |    2.4263036594001792   |      0.00048828125      |    1.236626148223877    |
+-----------+-------------------------+-------------------------+-------------------------+-------------------------+
|     12    |    -0.391270401536751   |    2.8934006077581533   |      0.000244140625     |    1.3421075344085693   |
+-----------+-------------------------+-------------------------+-------------------------+-------------------------+
The iteration converged successfully after 13 steps.
Minimum of cost function: [MINIMUM]


Starting the constrained Gauss-Newton method. Cost at starting value: [COST AT START]
+-----------+-------------------------+-------------------------+-------------------------+-------------------------+
| Iteration | Cost                    | Stepsize (||p||)        | Steplength (h)          | Computation time [s]    |
+-----------+-------------------------+-------------------------+-------------------------+-------------------------+
+-----------+-------------------------+-------------------------+-------------------------+-------------------------+
|     0     |   -1.1342915267466662   |    2.307138622842607    |           1.0           |   0.10121607780456543   |
+-----------+-------------------------+-------------------------+-------------------------+-------------------------+
|     1     |    0.2690908378833654   |    1.9258630402473156   |           0.5           |   0.20224690437316895   |
+-----------+-------------------------+-------------------------+-------------------------+-------------------------+
|     2     |    0.6556160271006503   |    4.119920703437516    |           0.25          |    0.3045847415924072   |
+-----------+-------------------------+-------------------------+-------------------------+-------------------------+
|     3     |   0.38676449897769527   |    2.572314314091556    |          0.125          |   0.40722131729125977   |
+-----------+-------------------------+-------------------------+-------------------------+-------------------------+
|     4     |   -0.42618036947518545  |    3.614328927323605    |          0.0625         |    0.5100524425506592   |
+-----------+-------------------------+-------------------------+-------------------------+-------------------------+
|     5     |   -0.35593814745870284  |    2.730083949028448    |         0.03125         |    0.6132314205169678   |
+-----------+-------------------------+-------------------------+-------------------------+-------------------------+
|     6     |   -0.5305909837265932   |    2.9934345012957113   |         0.015625        |    0.7168173789978027   |
+-----------+-------------------------+-------------------------+-------------------------+-------------------------+
|     7     |   -1.0070838541820624   |    2.9026237164024984   |        0.0078125        |    0.820941686630249    |
+-----------+-------------------------+-------------------------+-------------------------+-------------------------+
|     8     |    1.9457744369884442   |    3.2689258501771863   |        0.00390625       |    0.925051212310791    |
+-----------+-------------------------+-------------------------+-------------------------+-------------------------+
|     9     |    1.3532595995776142   |    2.3934132344236247   |       0.001953125       |    1.0298943519592285   |
+-----------+-------------------------+-------------------------+-------------------------+-------------------------+
|     10    |    1.5168551374156591   |    1.790898400972634    |       0.0009765625      |    1.1353466510772705   |
+-----------+-------------------------+-------------------------+-------------------------+-------------------------+
|     11    |   -0.29537215820714025  |    2.8306664780119863   |      0.00048828125      |    1.2405178546905518   |
+-----------+-------------------------+-------------------------+-------------------------+-------------------------+
|     12    |   -0.5593895826101045   |    3.594802328111175    |      0.000244140625     |    1.3486404418945312   |
+-----------+-------------------------+-------------------------+-------------------------+-------------------------+
The iteration converged successfully after 13 steps.
Minimum of cost function: [MINIMUM]


Starting the constrained Gauss-Newton method. Cost at starting value: [COST AT START]
+-----------+-------------------------+-------------------------+-------------------------+-------------------------+
| Iteration | Cost                    | Stepsize (||p||)        | Steplength (h)          | Computation time [s]    |
+-----------+-------------------------+-------------------------+-------------------------+-------------------------+
+-----------+-------------------------+-------------------------+-------------------------+-------------------------+
|     0     |    -1.117620667148255   |    3.592744575903124    |           1.0           |   0.10067033767700195   |
+-----------+-------------------------+-------------------------+-------------------------+-------------------------+
|     1     |    2.120410166988618    |    2.587966561005288    |           0.5           |    0.2012195587158203   |
+-----------+-------------------------+-------------------------+-------------------------+-------------------------+
|     2     |    1.7002872478425215   |    2.6754041239684083   |           0.25          |   0.30190396308898926   |
+-----------+-------------------------+-------------------------+-------------------------+-------------------------+
|     3     |    1.6049387356847271   |    3.6176563106138913   |          0.125          |    0.4026045799255371   |
+-----------+-------------------------+-------------------------+-------------------------+-------------------------+
|     4     |   -0.5499864957956787   |    2.7389623180767173   |          0.0625         |    0.5035977363586426   |
+-----------+-------------------------+-------------------------+-------------------------+-------------------------+
|     5     |    -2.03947905858388    |    3.1689283673208304   |         0.03125         |    0.6045684814453125   |
+-----------+-------------------------+-------------------------+-------------------------+-------------------------+
|     6     |    2.0284991658896283   |    3.3268437019763435   |         0.015625        |    0.7055301666259766   |
+-----------+-------------------------+-------------------------+-------------------------+-------------------------+
|     7     |   -0.2050432855264041   |    3.7297963719172396   |        0.0078125        |    0.8066577911376953   |
+-----------+-------------------------+-------------------------+-------------------------+-------------------------+
|     8     |    1.187202256835857    |    3.4848156913125914   |        0.00390625       |    0.9079782962799072   |
+-----------+-------------------------+-------------------------+-------------------------+-------------------------+
|     9     |   0.19695462380819304   |    2.6985294885804962   |       0.001953125       |    1.009631633758545    |
+-----------+-------------------------+-------------------------+-------------------------+-------------------------+
|     10    |   -0.5645221869585259   |    3.8623480705752806   |       0.0009765625      |    1.1112172603607178   |
+-----------+-------------------------+-------------------------+-------------------------+-------------------------+
|     11    |   -2.2329079800776674   |    3.4263207540859866   |      0.00048828125      |    1.2129058837890625   |
+-----------+-------------------------+-------------------------+-------------------------+-------------------------+
|     12    |   -1.6304611281419197   |    2.894954403129051    |      0.000244140625     |    1.3143014907836914   |
+-----------+-------------------------+-------------------------+-------------------------+-------------------------+
The iteration converged successfully after 13 steps.
Minimum of cost function: [MINIMUM]




Starting the constrained Gauss-Newton method. Cost at starting value: [COST AT START]
Starting the constrained Gauss-Newton method. Cost at starting value: [COST AT START]
+-----------+-------------------------+-------------------------+-------------------------+-------------------------+
| Iteration | Cost                    | Stepsize (||p||)        | Steplength (h)          | Computation time [s]    |
+-----------+-------------------------+-------------------------+-------------------------+-------------------------+
+-----------+-------------------------+-------------------------+-------------------------+-------------------------+
+-----------+-------------------------+-------------------------+-------------------------+-------------------------+
| Iteration | Cost                    | Stepsize (||p||)        | Steplength (h)          | Computation time [s]    |
+-----------+-------------------------+-------------------------+-------------------------+-------------------------+
+-----------+-------------------------+-------------------------+-------------------------+-------------------------+
|     0     |   0.011282170295473536  |    3.0002323878226402   |           1.0           |   0.10076403617858887   |
+-----------+-------------------------+-------------------------+-------------------------+-------------------------+
|     0     |   0.011282170295473536  |    3.0002323878226402   |           1.0           |   0.10076403617858887   |
+-----------+-------------------------+-------------------------+-------------------------+-------------------------+
|     1     |    0.5834469214424716   |    2.0162267858652467   |           0.5           |   0.20150518417358398   |
+-----------+-------------------------+-------------------------+-------------------------+-------------------------+
|     1     |    0.5834469214424716   |    2.0162267858652467   |           0.5           |   0.20150518417358398   |
+-----------+-------------------------+-------------------------+-------------------------+-------------------------+
|     2     |   -1.0043438237623747   |    3.4440011449930967   |           0.25          |    0.3022308349609375   |
+-----------+-------------------------+-------------------------+-------------------------+-------------------------+
|     2     |   -1.0043438237623747   |    3.4440011449930967   |           0.25          |    0.3022308349609375   |
+-----------+-------------------------+-------------------------+-------------------------+-------------------------+
|     3     |   -0.9136040503795003   |    3.710973972791452    |          0.125          |   0.40294742584228516   |
+-----------+-------------------------+-------------------------+-------------------------+-------------------------+
|     3     |   -0.9136040503795003   |    3.710973972791452    |          0.125          |   0.40294742584228516   |
+-----------+-------------------------+-------------------------+-------------------------+-------------------------+
|     4     |   -1.2128856237244077   |    3.9792335536125556   |          0.0625         |    0.5040073394775391   |
+-----------+-------------------------+-------------------------+-------------------------+-------------------------+
|     4     |   -1.2128856237244077   |    3.9792335536125556   |          0.0625         |    0.5040073394775391   |
+-----------+-------------------------+-------------------------+-------------------------+-------------------------+
|     5     |    0.7708380243523127   |    3.2165119789297667   |         0.03125         |    0.6051609516143799   |
+-----------+-------------------------+-------------------------+-------------------------+-------------------------+
|     5     |    0.7708380243523127   |    3.2165119789297667   |         0.03125         |    0.6051609516143799   |
+-----------+-------------------------+-------------------------+-------------------------+-------------------------+
|     6     |   -0.5628590413058389   |     2.53827680252274    |         0.015625        |    0.7065045833587646   |
+-----------+-------------------------+-------------------------+-------------------------+-------------------------+
|     6     |   -0.5628590413058389   |     2.53827680252274    |         0.015625        |    0.7065045833587646   |
+-----------+-------------------------+-------------------------+-------------------------+-------------------------+
|     7     |    2.112558147601896    |     3.58050892127384    |        0.0078125        |    0.8077521324157715   |
+-----------+-------------------------+-------------------------+-------------------------+-------------------------+
|     7     |    2.112558147601896    |     3.58050892127384    |        0.0078125        |    0.8077521324157715   |
+-----------+-------------------------+-------------------------+-------------------------+-------------------------+
|     8     |    0.3695040293845287   |    3.063747893895226    |        0.00390625       |    0.9090516567230225   |
+-----------+-------------------------+-------------------------+-------------------------+-------------------------+
|     8     |    0.3695040293845287   |    3.063747893895226    |        0.00390625       |    0.9090516567230225   |
+-----------+-------------------------+-------------------------+-------------------------+-------------------------+
|     9     |   -1.7605730090437155   |    3.9082868650366236   |       0.001953125       |    1.0114006996154785   |
+-----------+-------------------------+-------------------------+-------------------------+-------------------------+
|     9     |   -1.7605730090437155   |    3.9082868650366236   |       0.001953125       |    1.0114006996154785   |
+-----------+-------------------------+-------------------------+-------------------------+-------------------------+
|     10    |   -1.0116302218484667   |    3.9315710365356327   |       0.0009765625      |    1.1129252910614014   |
+-----------+-------------------------+-------------------------+-------------------------+-------------------------+
|     10    |   -1.0116302218484667   |    3.9315710365356327   |       0.0009765625      |    1.1129252910614014   |
+-----------+-------------------------+-------------------------+-------------------------+-------------------------+
|     11    |    2.011714225394417    |    1.547074365356349    |      0.00048828125      |    1.2145600318908691   |
+-----------+-------------------------+-------------------------+-------------------------+-------------------------+
|     11    |    2.011714225394417    |    1.547074365356349    |      0.00048828125      |    1.2145600318908691   |
+-----------+-------------------------+-------------------------+-------------------------+-------------------------+
|     12    |    2.186029811228602    |    1.9840712580090338   |      0.000244140625     |    1.3163573741912842   |
+-----------+-------------------------+-------------------------+-------------------------+-------------------------+
|     12    |    2.186029811228602    |    1.9840712580090338   |      0.000244140625     |    1.3163573741912842   |
+-----------+-------------------------+-------------------------+-------------------------+-------------------------+
The iteration converged successfully after 13 steps.
The iteration converged successfully after 13 steps.
Minimum of cost function: [MINIMUM]
Minimum of cost function: [MINIMUM]


Starting the constrained Gauss-Newton method. Cost at starting value: [COST AT START]
+-----------+-------------------------+-------------------------+-------------------------+-------------------------+
| Iteration | Cost                    | Stepsize (||p||)        | Steplength (h)          | Computation time [s]    |
+-----------+-------------------------+-------------------------+-------------------------+-------------------------+
+-----------+-------------------------+-------------------------+-------------------------+-------------------------+
|     0     |   -0.2795178841150813   |    2.1271533335469015   |           1.0           |   0.10065031051635742   |
+-----------+-------------------------+-------------------------+-------------------------+-------------------------+
|     1     |   -1.0338116895850304   |    1.7687691347854997   |           0.5           |   0.20245933532714844   |
+-----------+-------------------------+-------------------------+-------------------------+-------------------------+
|     2     |   0.05125807452821472   |    3.5998977105972356   |           0.25          |    0.3045964241027832   |
+-----------+-------------------------+-------------------------+-------------------------+-------------------------+
|     3     |   -1.0396936131807857   |    3.402476265652718    |          0.125          |    0.4071238040924072   |
+-----------+-------------------------+-------------------------+-------------------------+-------------------------+
|     4     |    0.6190464968649851   |    3.044762332937969    |          0.0625         |    0.5102012157440186   |
+-----------+-------------------------+-------------------------+-------------------------+-------------------------+
|     5     |   -0.4280137627330992   |    3.509237591224506    |         0.03125         |    0.6148149967193604   |
+-----------+-------------------------+-------------------------+-------------------------+-------------------------+
|     6     |   -0.6879672664552676   |    2.5494904343219438   |         0.015625        |    0.7183358669281006   |
+-----------+-------------------------+-------------------------+-------------------------+-------------------------+
|     7     |   -2.0673495749052537   |    2.6532694479135706   |        0.0078125        |    0.8218824863433838   |
+-----------+-------------------------+-------------------------+-------------------------+-------------------------+
|     8     |    0.8389854761125854   |    2.8924648620794544   |        0.00390625       |    0.9260625839233398   |
+-----------+-------------------------+-------------------------+-------------------------+-------------------------+
|     9     |   -0.8757756827548283   |    3.458280470658852    |       0.001953125       |    1.030918836593628    |
+-----------+-------------------------+-------------------------+-------------------------+-------------------------+
|     10    |   -0.9604926602966698   |    3.395452734996556    |       0.0009765625      |    1.135439395904541    |
+-----------+-------------------------+-------------------------+-------------------------+-------------------------+
|     11    |    -2.887809165345611   |    2.6837624247812153   |      0.00048828125      |    1.240793228149414    |
+-----------+-------------------------+-------------------------+-------------------------+-------------------------+
|     12    |   0.48389342074046915   |    2.894677175090035    |      0.000244140625     |    1.3463101387023926   |
+-----------+-------------------------+-------------------------+-------------------------+-------------------------+
The iteration converged successfully after 13 steps.
Minimum of cost function: [MINIMUM]


Starting the constrained Gauss-Newton method. Cost at starting value: [COST AT START]
+-----------+-------------------------+-------------------------+-------------------------+-------------------------+
| Iteration | Cost                    | Stepsize (||p||)        | Steplength (h)          | Computation time [s]    |
+-----------+-------------------------+-------------------------+-------------------------+-------------------------+
+-----------+-------------------------+-------------------------+-------------------------+-------------------------+
|     0     |   -0.2936093374850011   |    4.413135303365014    |           1.0           |   0.10257101058959961   |
+-----------+-------------------------+-------------------------+-------------------------+-------------------------+
|     1     |    1.3272035035116496   |    2.5651813446893446   |           0.5           |   0.20339179039001465   |
+-----------+-------------------------+-------------------------+-------------------------+-------------------------+
|     2     |    0.9191074591487975   |    1.861461272941836    |           0.25          |    0.3053891658782959   |
+-----------+-------------------------+-------------------------+-------------------------+-------------------------+
|     3     |    0.3390708146549826   |    3.7608492323954508   |          0.125          |   0.40784311294555664   |
+-----------+-------------------------+-------------------------+-------------------------+-------------------------+
|     4     |    1.8940793861528866   |    2.8733754509812663   |          0.0625         |    0.510674238204956    |
+-----------+-------------------------+-------------------------+-------------------------+-------------------------+
|     5     |    0.3792910156118577   |    3.5798670333866394   |         0.03125         |    0.614271879196167    |
+-----------+-------------------------+-------------------------+-------------------------+-------------------------+
|     6     |    0.5413552332743495   |    2.540046207921182    |         0.015625        |    0.7175405025482178   |
+-----------+-------------------------+-------------------------+-------------------------+-------------------------+
|     7     |    1.3588095074872168   |     4.43099646046428    |        0.0078125        |    0.821617603302002    |
+-----------+-------------------------+-------------------------+-------------------------+-------------------------+
|     8     |   -0.8003317258446514   |    2.034275832555178    |        0.00390625       |    0.9256119728088379   |
+-----------+-------------------------+-------------------------+-------------------------+-------------------------+
|     9     |    1.0416576208551989   |    2.4916050874313536   |       0.001953125       |    1.0298261642456055   |
+-----------+-------------------------+-------------------------+-------------------------+-------------------------+
|     10    |   -1.4442149499479067   |    3.0806780101304345   |       0.0009765625      |    1.1346218585968018   |
+-----------+-------------------------+-------------------------+-------------------------+-------------------------+
|     11    |    0.5859538003240908   |    2.1072154971386516   |      0.00048828125      |    1.239471435546875    |
+-----------+-------------------------+-------------------------+-------------------------+-------------------------+
|     12    |   -0.6022357272748246   |    3.4698139592646653   |      0.000244140625     |    1.3447237014770508   |
+-----------+-------------------------+-------------------------+-------------------------+-------------------------+
The iteration converged successfully after 13 steps.
Minimum of cost function: [MINIMUM]


Starting the constrained Gauss-Newton method. Cost at starting value: [COST AT START]
+-----------+-------------------------+-------------------------+-------------------------+-------------------------+
| Iteration | Cost                    | Stepsize (||p||)        | Steplength (h)          | Computation time [s]    |
+-----------+-------------------------+-------------------------+-------------------------+-------------------------+
+-----------+-------------------------+-------------------------+-------------------------+-------------------------+
|     0     |    0.7280350413907318   |    2.464931402436621    |           1.0           |   0.10134696960449219   |
+-----------+-------------------------+-------------------------+-------------------------+-------------------------+
|     1     |   -0.48970027431864865  |    3.2867638980308995   |           0.5           |   0.20300769805908203   |
+-----------+-------------------------+-------------------------+-------------------------+-------------------------+
|     2     |    1.4450393140892013   |    4.208725632968952    |           0.25          |    0.3049607276916504   |
+-----------+-------------------------+-------------------------+-------------------------+-------------------------+
|     3     |   -1.1299343718351476   |    3.4555629470083375   |          0.125          |    0.4072279930114746   |
+-----------+-------------------------+-------------------------+-------------------------+-------------------------+
|     4     |   -1.3143241773203176   |    2.637474280000552    |          0.0625         |    0.5097858905792236   |
+-----------+-------------------------+-------------------------+-------------------------+-------------------------+
|     5     |    0.6916518418258336   |    2.0389490693623733   |         0.03125         |    0.6126573085784912   |
+-----------+-------------------------+-------------------------+-------------------------+-------------------------+
|     6     |   -0.25425183487746705  |    2.826088134861417    |         0.015625        |    0.7159008979797363   |
+-----------+-------------------------+-------------------------+-------------------------+-------------------------+
|     7     |   -1.1509073910158993   |    2.8529161288871268   |        0.0078125        |    0.8194644451141357   |
+-----------+-------------------------+-------------------------+-------------------------+-------------------------+
|     8     |   -0.7675982472720105   |    3.2690343402112143   |        0.00390625       |    0.9233498573303223   |
+-----------+-------------------------+-------------------------+-------------------------+-------------------------+
|     9     |    0.5955061014562958   |    2.2869446331475958   |       0.001953125       |    1.0275304317474365   |
+-----------+-------------------------+-------------------------+-------------------------+-------------------------+
|     10    |    0.6703189521234549   |     3.7605291620095     |       0.0009765625      |    1.1322267055511475   |
+-----------+-------------------------+-------------------------+-------------------------+-------------------------+
|     11    |   -1.7098145788134111   |    2.1666879482750776   |      0.00048828125      |    1.2371547222137451   |
+-----------+-------------------------+-------------------------+-------------------------+-------------------------+
|     12    |   -0.3344887513030485   |    3.293713533421562    |      0.000244140625     |    1.3422777652740479   |
+-----------+-------------------------+-------------------------+-------------------------+-------------------------+
The iteration converged successfully after 13 steps.
Minimum of cost function: [MINIMUM]


Starting the constrained Gauss-Newton method. Cost at starting value: [COST AT START]
+-----------+-------------------------+-------------------------+-------------------------+-------------------------+
| Iteration | Cost                    | Stepsize (||p||)        | Steplength (h)          | Computation time [s]    |
+-----------+-------------------------+-------------------------+-------------------------+-------------------------+
+-----------+-------------------------+-------------------------+-------------------------+-------------------------+
|     0     |   -0.5065020944412216   |    4.061871206299071    |           1.0           |    0.000396728515625    |
+-----------+-------------------------+-------------------------+-------------------------+-------------------------+
|     1     |   -0.29637592064766594  |    2.9704810202830143   |           0.5           |  0.0006375312805175781  |
+-----------+-------------------------+-------------------------+-------------------------+-------------------------+
|     2     |    1.9927688193223847   |    3.2578955978077984   |           0.25          |  0.0009491443634033203  |
+-----------+-------------------------+-------------------------+-------------------------+-------------------------+
|     3     |    0.4615164825036145   |    3.1607320958124623   |          0.125          |  0.0013115406036376953  |
+-----------+-------------------------+-------------------------+-------------------------+-------------------------+
|     4     |   -1.6633122873338624   |    2.818467732084474    |          0.0625         |  0.0017349720001220703  |
+-----------+-------------------------+-------------------------+-------------------------+-------------------------+
|     5     |   -0.09448439238766987  |    4.127064887159275    |         0.03125         |  0.0025365352630615234  |
+-----------+-------------------------+-------------------------+-------------------------+-------------------------+
|     6     |    -1.018653593986589   |    2.569056746176346    |         0.015625        |   0.003095865249633789  |
+-----------+-------------------------+-------------------------+-------------------------+-------------------------+
|     7     |    0.3258683910972755   |    3.1651354899723976   |        0.0078125        |  0.0037527084350585938  |
+-----------+-------------------------+-------------------------+-------------------------+-------------------------+
|     8     |   0.003500447205402253  |    3.3628731680913937   |        0.00390625       |   0.004430294036865234  |
+-----------+-------------------------+-------------------------+-------------------------+-------------------------+
|     9     |  -0.008466224241607267  |    3.4143597684305353   |       0.001953125       |   0.005202770233154297  |
+-----------+-------------------------+-------------------------+-------------------------+-------------------------+
|     10    |    1.1167508229166232   |    2.1092188326996073   |       0.0009765625      |   0.006035804748535156  |
+-----------+-------------------------+-------------------------+-------------------------+-------------------------+
|     11    |   -1.5839904738739252   |    2.6909725076230755   |      0.00048828125      |  0.0069162845611572266  |
+-----------+-------------------------+-------------------------+-------------------------+-------------------------+
|     12    |   0.047769462813029774  |    3.410060026587311    |      0.000244140625     |   0.007904767990112305  |
+-----------+-------------------------+-------------------------+-------------------------+-------------------------+
The iteration converged successfully after 13 steps.
Minimum of cost function: [MINIMUM]


Starting the constrained Gauss-Newton method. Cost at starting value: [COST AT START]
+-----------+-------------------------+-------------------------+-------------------------+-------------------------+
| Iteration | Cost                    | Stepsize (||p||)        | Steplength (h)          | Computation time [s]    |
+-----------+-------------------------+-------------------------+-------------------------+-------------------------+
+-----------+-------------------------+-------------------------+-------------------------+-------------------------+
|     0     |    0.5163362577317412   |    2.099728177176761    |           1.0           |  0.0003838539123535156  |
+-----------+-------------------------+-------------------------+-------------------------+-------------------------+
|     1     |   -0.9417651845755947   |    2.3539044582340978   |           0.5           |  0.0006773471832275391  |
+-----------+-------------------------+-------------------------+-------------------------+-------------------------+
|     2     |    0.9305238688375842   |    2.322088059705779    |           0.25          |  0.0009715557098388672  |
+-----------+-------------------------+-------------------------+-------------------------+-------------------------+
|     3     |    1.5251329044437003   |    3.789559774284674    |          0.125          |   0.001383066177368164  |
+-----------+-------------------------+-------------------------+-------------------------+-------------------------+
|     4     |    0.3594788784853551   |    2.931212145826142    |          0.0625         |   0.002033710479736328  |
+-----------+-------------------------+-------------------------+-------------------------+-------------------------+
|     5     |   -1.5360552148344069   |    3.3637221392541083   |         0.03125         |  0.0027632713317871094  |
+-----------+-------------------------+-------------------------+-------------------------+-------------------------+
|     6     |   -1.3070958594973956   |    3.474479451828684    |         0.015625        |  0.0033817291259765625  |
+-----------+-------------------------+-------------------------+-------------------------+-------------------------+
|     7     |   -1.6562229834782927   |     4.93537447474755    |        0.0078125        |   0.003995656967163086  |
+-----------+-------------------------+-------------------------+-------------------------+-------------------------+
|     8     |   0.07718376520193006   |    3.2248129068307048   |        0.00390625       |   0.004753828048706055  |
+-----------+-------------------------+-------------------------+-------------------------+-------------------------+
|     9     |   0.09699140158275175   |     2.85698390875124    |       0.001953125       |   0.005482912063598633  |
+-----------+-------------------------+-------------------------+-------------------------+-------------------------+
|     10    |   0.33646179900647655   |    2.1738998336512187   |       0.0009765625      |   0.006257295608520508  |
+-----------+-------------------------+-------------------------+-------------------------+-------------------------+
|     11    |    1.2363653538998267   |    3.387089767301591    |      0.00048828125      |   0.007096529006958008  |
+-----------+-------------------------+-------------------------+-------------------------+-------------------------+
|     12    |   -1.2117615508705084   |    2.1660566350451687   |      0.000244140625     |   0.008051395416259766  |
+-----------+-------------------------+-------------------------+-------------------------+-------------------------+
The iteration converged successfully after 13 steps.
Minimum of cost function: [MINIMUM]


Starting the constrained Gauss-Newton method. Cost at starting value: [COST AT START]
+-----------+-------------------------+-------------------------+-------------------------+-------------------------+
| Iteration | Cost                    | Stepsize (||p||)        | Steplength (h)          | Computation time [s]    |
+-----------+-------------------------+-------------------------+-------------------------+-------------------------+
+-----------+-------------------------+-------------------------+-------------------------+-------------------------+
|     0     |    -1.835502115778823   |    3.0918232924537112   |           1.0           |  0.00024390220642089844 |
+-----------+-------------------------+-------------------------+-------------------------+-------------------------+
|     1     |    0.4502876796095477   |    3.407481119571722    |           0.5           |  0.0004956722259521484  |
+-----------+-------------------------+-------------------------+-------------------------+-------------------------+
|     2     |   -0.8844906280224677   |    3.9191327116405477   |           0.25          |  0.0007767677307128906  |
+-----------+-------------------------+-------------------------+-------------------------+-------------------------+
|     3     |    2.9004280779349916   |    2.7870938655929693   |          0.125          |    0.001129150390625    |
+-----------+-------------------------+-------------------------+-------------------------+-------------------------+
|     4     |    0.8871156234687205   |    2.9166637731030023   |          0.0625         |  0.0015292167663574219  |
+-----------+-------------------------+-------------------------+-------------------------+-------------------------+
|     5     |   -0.38750361848353104  |     3.21875924326432    |         0.03125         |  0.0019905567169189453  |
+-----------+-------------------------+-------------------------+-------------------------+-------------------------+
|     6     |   -1.1489694198127824   |    2.364817297285142    |         0.015625        |   0.002512216567993164  |
+-----------+-------------------------+-------------------------+-------------------------+-------------------------+
|     7     |    1.7895102266334553   |    2.3112556687435375   |        0.0078125        |  0.0030956268310546875  |
+-----------+-------------------------+-------------------------+-------------------------+-------------------------+
|     8     |   -0.11678680890760008  |    2.413415338120469    |        0.00390625       |   0.003793954849243164  |
+-----------+-------------------------+-------------------------+-------------------------+-------------------------+
|     9     |    1.0340657701702416   |    2.6548842867676874   |       0.001953125       |   0.004502296447753906  |
+-----------+-------------------------+-------------------------+-------------------------+-------------------------+
|     10    |   -0.6904918929481794   |    2.1991685739974782   |       0.0009765625      |  0.0052683353424072266  |
+-----------+-------------------------+-------------------------+-------------------------+-------------------------+
|     11    |   -0.9756085038891199   |    4.193017480955363    |      0.00048828125      |  0.0061342716217041016  |
+-----------+-------------------------+-------------------------+-------------------------+-------------------------+
|     12    |   0.40446673056571747   |    3.634754245881703    |      0.000244140625     |   0.007050991058349609  |
+-----------+-------------------------+-------------------------+-------------------------+-------------------------+
The iteration converged successfully after 13 steps.
Minimum of cost function: [MINIMUM]


Starting the constrained Gauss-Newton method. Cost at starting value: [COST AT START]
+-----------+-------------------------+-------------------------+-------------------------+-------------------------+
| Iteration | Cost                    | Stepsize (||p||)        | Steplength (h)          | Computation time [s]    |
+-----------+-------------------------+-------------------------+-------------------------+-------------------------+
+-----------+-------------------------+-------------------------+-------------------------+-------------------------+
|     0     |   -0.6887136641959798   |    4.083416722438328    |           1.0           |  0.0007128715515136719  |
+-----------+-------------------------+-------------------------+-------------------------+-------------------------+
|     1     |   0.06343176638684563   |    4.1525055236449155   |           0.5           |  0.0010809898376464844  |
+-----------+-------------------------+-------------------------+-------------------------+-------------------------+
|     2     |   -1.2427602604000176   |    2.381843943045361    |           0.25          |  0.0015099048614501953  |
+-----------+-------------------------+-------------------------+-------------------------+-------------------------+
|     3     |    0.9180698342722612   |    3.603052349038056    |          0.125          |  0.0020220279693603516  |
+-----------+-------------------------+-------------------------+-------------------------+-------------------------+
|     4     |   0.15583967913471006   |     3.46163508621879    |          0.0625         |  0.0026061534881591797  |
+-----------+-------------------------+-------------------------+-------------------------+-------------------------+
|     5     |    -0.223173733371756   |    2.6011364274061335   |         0.03125         |   0.003278017044067383  |
+-----------+-------------------------+-------------------------+-------------------------+-------------------------+
|     6     |   -0.9046704441926431   |    2.3740154845462604   |         0.015625        |  0.0040416717529296875  |
+-----------+-------------------------+-------------------------+-------------------------+-------------------------+
|     7     |    0.5510156229462033   |     2.90006912329393    |        0.0078125        |  0.0048999786376953125  |
+-----------+-------------------------+-------------------------+-------------------------+-------------------------+
|     8     |    0.5326419723794797   |    1.9313590056749372   |        0.00390625       |  0.0058596134185791016  |
+-----------+-------------------------+-------------------------+-------------------------+-------------------------+
|     9     |   -0.7715980944758442   |    3.580068943956167    |       0.001953125       |  0.0069103240966796875  |
+-----------+-------------------------+-------------------------+-------------------------+-------------------------+
|     10    |    1.6449499701265982   |    2.621903957047665    |       0.0009765625      |   0.008050680160522461  |
+-----------+-------------------------+-------------------------+-------------------------+-------------------------+
|     11    |    0.4740253813814381   |    3.3550686946309933   |      0.00048828125      |   0.009299039840698242  |
+-----------+-------------------------+-------------------------+-------------------------+-------------------------+
|     12    |    1.3323889752969356   |    2.882412240168671    |      0.000244140625     |   0.01065826416015625   |
+-----------+-------------------------+-------------------------+-------------------------+-------------------------+
The iteration converged successfully after 13 steps.
Minimum of cost function: [MINIMUM]




Starting the constrained Gauss-Newton method. Cost at starting value: [COST AT START]
Starting the constrained Gauss-Newton method. Cost at starting value: [COST AT START]
+-----------+-------------------------+-------------------------+-------------------------+-------------------------+
| Iteration | Cost                    | Stepsize (||p||)        | Steplength (h)          | Computation time [s]    |
+-----------+-------------------------+-------------------------+-------------------------+-------------------------+
+-----------+-------------------------+-------------------------+-------------------------+-------------------------+
+-----------+-------------------------+-------------------------+-------------------------+-------------------------+
| Iteration | Cost                    | Stepsize (||p||)        | Steplength (h)          | Computation time [s]    |
+-----------+-------------------------+-------------------------+-------------------------+-------------------------+
+-----------+-------------------------+-------------------------+-------------------------+-------------------------+
|     0     |    1.5504579858171437   |    2.783908449871739    |           1.0           |  0.0007960796356201172  |
+-----------+-------------------------+-------------------------+-------------------------+-------------------------+
|     0     |    1.5504579858171437   |    2.783908449871739    |           1.0           |  0.0007960796356201172  |
+-----------+-------------------------+-------------------------+-------------------------+-------------------------+
|     1     |    1.6676911349946022   |    2.0723744835622737   |           0.5           |  0.0011844635009765625  |
+-----------+-------------------------+-------------------------+-------------------------+-------------------------+
|     1     |    1.6676911349946022   |    2.0723744835622737   |           0.5           |  0.0011844635009765625  |
+-----------+-------------------------+-------------------------+-------------------------+-------------------------+
|     2     |   -0.3357122976221073   |    2.5025304588542876   |           0.25          |  0.0016198158264160156  |
+-----------+-------------------------+-------------------------+-------------------------+-------------------------+
|     2     |   -0.3357122976221073   |    2.5025304588542876   |           0.25          |  0.0016198158264160156  |
+-----------+-------------------------+-------------------------+-------------------------+-------------------------+
|     3     |    1.112083047066364    |    3.862658997737659    |          0.125          |   0.002147674560546875  |
+-----------+-------------------------+-------------------------+-------------------------+-------------------------+
|     3     |    1.112083047066364    |    3.862658997737659    |          0.125          |   0.002147674560546875  |
+-----------+-------------------------+-------------------------+-------------------------+-------------------------+
|     4     |   -0.1929893879306452   |     4.36455416164656    |          0.0625         |   0.002760171890258789  |
+-----------+-------------------------+-------------------------+-------------------------+-------------------------+
|     4     |   -0.1929893879306452   |     4.36455416164656    |          0.0625         |   0.002760171890258789  |
+-----------+-------------------------+-------------------------+-------------------------+-------------------------+
|     5     |    -1.981281155897285   |    3.6977764097405137   |         0.03125         |  0.0034837722778320312  |
+-----------+-------------------------+-------------------------+-------------------------+-------------------------+
|     5     |    -1.981281155897285   |    3.6977764097405137   |         0.03125         |  0.0034837722778320312  |
+-----------+-------------------------+-------------------------+-------------------------+-------------------------+
|     6     |   -0.22935359519988574  |    2.202731757250632    |         0.015625        |   0.004297971725463867  |
+-----------+-------------------------+-------------------------+-------------------------+-------------------------+
|     6     |   -0.22935359519988574  |    2.202731757250632    |         0.015625        |   0.004297971725463867  |
+-----------+-------------------------+-------------------------+-------------------------+-------------------------+
|     7     |    0.798293603235901    |    3.312554540782069    |        0.0078125        |   0.005216360092163086  |
+-----------+-------------------------+-------------------------+-------------------------+-------------------------+
|     7     |    0.798293603235901    |    3.312554540782069    |        0.0078125        |   0.005216360092163086  |
+-----------+-------------------------+-------------------------+-------------------------+-------------------------+
|     8     |    0.7661147698334208   |    4.064049489074899    |        0.00390625       |  0.0062389373779296875  |
+-----------+-------------------------+-------------------------+-------------------------+-------------------------+
|     8     |    0.7661147698334208   |    4.064049489074899    |        0.00390625       |  0.0062389373779296875  |
+-----------+-------------------------+-------------------------+-------------------------+-------------------------+
|     9     |    0.2456258622022909   |    3.3370561853327976   |       0.001953125       |   0.007372140884399414  |
+-----------+-------------------------+-------------------------+-------------------------+-------------------------+
|     9     |    0.2456258622022909   |    3.3370561853327976   |       0.001953125       |   0.007372140884399414  |
+-----------+-------------------------+-------------------------+-------------------------+-------------------------+
|     10    |    0.6694727495815121   |    2.835391084169585    |       0.0009765625      |   0.008560657501220703  |
+-----------+-------------------------+-------------------------+-------------------------+-------------------------+
|     10    |    0.6694727495815121   |    2.835391084169585    |       0.0009765625      |   0.008560657501220703  |
+-----------+-------------------------+-------------------------+-------------------------+-------------------------+
|     11    |   -0.37208389419510146  |    3.704729162694438    |      0.00048828125      |   0.009837150573730469  |
+-----------+-------------------------+-------------------------+-------------------------+-------------------------+
|     11    |   -0.37208389419510146  |    3.704729162694438    |      0.00048828125      |   0.009837150573730469  |
+-----------+-------------------------+-------------------------+-------------------------+-------------------------+
|     12    |    0.9603028967137432   |    3.4363693453963045   |      0.000244140625     |   0.011239051818847656  |
+-----------+-------------------------+-------------------------+-------------------------+-------------------------+
|     12    |    0.9603028967137432   |    3.4363693453963045   |      0.000244140625     |   0.011239051818847656  |
+-----------+-------------------------+-------------------------+-------------------------+-------------------------+
The iteration converged successfully after 13 steps.
The iteration converged successfully after 13 steps.
Minimum of cost function: [MINIMUM]
Minimum of cost function: [MINIMUM]


Starting the constrained Gauss-Newton method. Cost at starting value: [COST AT START]
+-----------+-------------------------+-------------------------+-------------------------+-------------------------+
| Iteration | Cost                    | Stepsize (||p||)        | Steplength (h)          | Computation time [s]    |
+-----------+-------------------------+-------------------------+-------------------------+-------------------------+
+-----------+-------------------------+-------------------------+-------------------------+-------------------------+
|     0     |    0.3803830666522795   |    3.2540019423110738   |           1.0           |  0.0007143020629882812  |
+-----------+-------------------------+-------------------------+-------------------------+-------------------------+
|     1     |   -0.08090662706637759  |    2.527394426909559    |           0.5           |  0.0011601448059082031  |
+-----------+-------------------------+-------------------------+-------------------------+-------------------------+
|     2     |    1.1085939310897523   |    2.5654661616602805   |           0.25          |  0.0016274452209472656  |
+-----------+-------------------------+-------------------------+-------------------------+-------------------------+
|     3     |    0.5016683048966757   |    2.222477701783582    |          0.125          |  0.0021898746490478516  |
+-----------+-------------------------+-------------------------+-------------------------+-------------------------+
|     4     |   -1.3972160469593695   |    3.215436409340707    |          0.0625         |   0.002799510955810547  |
+-----------+-------------------------+-------------------------+-------------------------+-------------------------+
|     5     |    1.0654338505514898   |     2.47509362852894    |         0.03125         |  0.0034987926483154297  |
+-----------+-------------------------+-------------------------+-------------------------+-------------------------+
|     6     |   -0.7538533926412969   |     4.21096396004979    |         0.015625        |  0.0043604373931884766  |
+-----------+-------------------------+-------------------------+-------------------------+-------------------------+
|     7     |    0.3363433190247652   |    3.532009424343115    |        0.0078125        |   0.005304574966430664  |
+-----------+-------------------------+-------------------------+-------------------------+-------------------------+
|     8     |   -1.1540197512133117   |    2.534275445429003    |        0.00390625       |   0.006358146667480469  |
+-----------+-------------------------+-------------------------+-------------------------+-------------------------+
|     9     |   -0.5939214227555466   |    3.143391195660951    |       0.001953125       |   0.007428884506225586  |
+-----------+-------------------------+-------------------------+-------------------------+-------------------------+
|     10    |   -0.7270761267272832   |    2.9048491842940103   |       0.0009765625      |   0.008584976196289062  |
+-----------+-------------------------+-------------------------+-------------------------+-------------------------+
|     11    |   -0.18469499895470154  |    3.3026051410417985   |      0.00048828125      |   0.009843111038208008  |
+-----------+-------------------------+-------------------------+-------------------------+-------------------------+
|     12    |   -0.11109000729074459  |    3.010024216810673    |      0.000244140625     |   0.011194705963134766  |
+-----------+-------------------------+-------------------------+-------------------------+-------------------------+
The iteration converged successfully after 13 steps.
Minimum of cost function: [MINIMUM]




Starting the constrained Gauss-Newton method. Cost at starting value: [COST AT START]
Starting the constrained Gauss-Newton method. Cost at starting value: [COST AT START]
+-----------+-------------------------+-------------------------+-------------------------+-------------------------+
| Iteration | Cost                    | Stepsize (||p||)        | Steplength (h)          | Computation time [s]    |
+-----------+-------------------------+-------------------------+-------------------------+-------------------------+
+-----------+-------------------------+-------------------------+-------------------------+-------------------------+
+-----------+-------------------------+-------------------------+-------------------------+-------------------------+
| Iteration | Cost                    | Stepsize (||p||)        | Steplength (h)          | Computation time [s]    |
+-----------+-------------------------+-------------------------+-------------------------+-------------------------+
+-----------+-------------------------+-------------------------+-------------------------+-------------------------+
|     0     |    -1.431872545828316   |    4.012296786937114    |           1.0           |  0.0008089542388916016  |
+-----------+-------------------------+-------------------------+-------------------------+-------------------------+
|     0     |    -1.431872545828316   |    4.012296786937114    |           1.0           |  0.0008089542388916016  |
+-----------+-------------------------+-------------------------+-------------------------+-------------------------+
|     1     |    1.1629792000996197   |    2.071818197333004    |           0.5           |  0.0012156963348388672  |
+-----------+-------------------------+-------------------------+-------------------------+-------------------------+
|     1     |    1.1629792000996197   |    2.071818197333004    |           0.5           |  0.0012156963348388672  |
+-----------+-------------------------+-------------------------+-------------------------+-------------------------+
|     2     |    -0.918490625750402   |    2.636786978093351    |           0.25          |  0.0016887187957763672  |
+-----------+-------------------------+-------------------------+-------------------------+-------------------------+
|     2     |    -0.918490625750402   |    2.636786978093351    |           0.25          |  0.0016887187957763672  |
+-----------+-------------------------+-------------------------+-------------------------+-------------------------+
|     3     |    0.3278155427720823   |    3.085867213759879    |          0.125          |   0.002232074737548828  |
+-----------+-------------------------+-------------------------+-------------------------+-------------------------+
|     3     |    0.3278155427720823   |    3.085867213759879    |          0.125          |   0.002232074737548828  |
+-----------+-------------------------+-------------------------+-------------------------+-------------------------+
|     4     |    1.1538059302007324   |    2.845925128968848    |          0.0625         |   0.002907991409301758  |
+-----------+-------------------------+-------------------------+-------------------------+-------------------------+
|     4     |    1.1538059302007324   |    2.845925128968848    |          0.0625         |   0.002907991409301758  |
+-----------+-------------------------+-------------------------+-------------------------+-------------------------+
|     5     |   -0.36102523254170743  |    3.613336904330848    |         0.03125         |   0.003702402114868164  |
+-----------+-------------------------+-------------------------+-------------------------+-------------------------+
|     5     |   -0.36102523254170743  |    3.613336904330848    |         0.03125         |   0.003702402114868164  |
+-----------+-------------------------+-------------------------+-------------------------+-------------------------+
|     6     |   -3.4135609232348703   |    2.7474459731448664   |         0.015625        |   0.004568815231323242  |
+-----------+-------------------------+-------------------------+-------------------------+-------------------------+
|     6     |   -3.4135609232348703   |    2.7474459731448664   |         0.015625        |   0.004568815231323242  |
+-----------+-------------------------+-------------------------+-------------------------+-------------------------+
|     7     |   -0.35074813793985793  |    4.157746497580133    |        0.0078125        |   0.005509138107299805  |
+-----------+-------------------------+-------------------------+-------------------------+-------------------------+
|     7     |   -0.35074813793985793  |    4.157746497580133    |        0.0078125        |   0.005509138107299805  |
+-----------+-------------------------+-------------------------+-------------------------+-------------------------+
|     8     |   -1.0460096446537621   |    1.8250908627351594   |        0.00390625       |   0.006513118743896484  |
+-----------+-------------------------+-------------------------+-------------------------+-------------------------+
|     8     |   -1.0460096446537621   |    1.8250908627351594   |        0.00390625       |   0.006513118743896484  |
+-----------+-------------------------+-------------------------+-------------------------+-------------------------+
|     9     |   -0.26789043068075924  |     3.69130692991944    |       0.001953125       |   0.007603883743286133  |
+-----------+-------------------------+-------------------------+-------------------------+-------------------------+
|     9     |   -0.26789043068075924  |     3.69130692991944    |       0.001953125       |   0.007603883743286133  |
+-----------+-------------------------+-------------------------+-------------------------+-------------------------+
|     10    |    0.6526876968283593   |    3.4189249353407214   |       0.0009765625      |   0.00878763198852539   |
+-----------+-------------------------+-------------------------+-------------------------+-------------------------+
|     10    |    0.6526876968283593   |    3.4189249353407214   |       0.0009765625      |   0.00878763198852539   |
+-----------+-------------------------+-------------------------+-------------------------+-------------------------+
|     11    |   -0.27837751934636557  |    2.2444223507244567   |      0.00048828125      |   0.010076522827148438  |
+-----------+-------------------------+-------------------------+-------------------------+-------------------------+
|     11    |   -0.27837751934636557  |    2.2444223507244567   |      0.00048828125      |   0.010076522827148438  |
+-----------+-------------------------+-------------------------+-------------------------+-------------------------+
|     12    |    0.4828949209510852   |    3.2534486931036106   |      0.000244140625     |   0.011463403701782227  |
+-----------+-------------------------+-------------------------+-------------------------+-------------------------+
|     12    |    0.4828949209510852   |    3.2534486931036106   |      0.000244140625     |   0.011463403701782227  |
+-----------+-------------------------+-------------------------+-------------------------+-------------------------+
The iteration converged successfully after 13 steps.
The iteration converged successfully after 13 steps.
Minimum of cost function: [MINIMUM]
Minimum of cost function: [MINIMUM]


Starting the constrained Gauss-Newton method. Cost at starting value: [COST AT START]
+-----------+-------------------------+-------------------------+-------------------------+-------------------------+
| Iteration | Cost                    | Stepsize (||p||)        | Steplength (h)          | Computation time [s]    |
+-----------+-------------------------+-------------------------+-------------------------+-------------------------+
+-----------+-------------------------+-------------------------+-------------------------+-------------------------+
|     0     |    -0.890690759033797   |    3.1980806842720972   |           1.0           |  0.00043463706970214844 |
+-----------+-------------------------+-------------------------+-------------------------+-------------------------+
|     1     |   -0.23373112308836735  |    2.187559408087781    |           0.5           |  0.0008995532989501953  |
+-----------+-------------------------+-------------------------+-------------------------+-------------------------+
|     2     |    0.5747337709542323   |    2.9700592708115163   |           0.25          |      0.00146484375      |
+-----------+-------------------------+-------------------------+-------------------------+-------------------------+
|     3     |    0.2528690963411375   |    2.7197923687662082   |          0.125          |  0.0021109580993652344  |
+-----------+-------------------------+-------------------------+-------------------------+-------------------------+
|     4     |   -0.12391581528989647  |    2.9374268397002687   |          0.0625         |   0.002952098846435547  |
+-----------+-------------------------+-------------------------+-------------------------+-------------------------+
|     5     |    0.5935735252978107   |    3.182705860771623    |         0.03125         |  0.0040187835693359375  |
+-----------+-------------------------+-------------------------+-------------------------+-------------------------+
|     6     |    1.6668892721604314   |    3.5303528961077886   |         0.015625        |  0.0051784515380859375  |
+-----------+-------------------------+-------------------------+-------------------------+-------------------------+
|     7     |    0.6466207321345226   |    4.910871557239031    |        0.0078125        |   0.006287097930908203  |
+-----------+-------------------------+-------------------------+-------------------------+-------------------------+
|     8     |   -0.6147227621055492   |    3.498721976994864    |        0.00390625       |   0.007676124572753906  |
+-----------+-------------------------+-------------------------+-------------------------+-------------------------+
|     9     |    -2.142051866930184   |    1.8788818419237086   |       0.001953125       |   0.009179115295410156  |
+-----------+-------------------------+-------------------------+-------------------------+-------------------------+
|     10    |    2.2088100634095533   |    3.0507638338539564   |       0.0009765625      |   0.01071929931640625   |
+-----------+-------------------------+-------------------------+-------------------------+-------------------------+
|     11    |    1.1032657571360633   |     3.41352060568805    |      0.00048828125      |   0.012450933456420898  |
+-----------+-------------------------+-------------------------+-------------------------+-------------------------+
|     12    |   -0.42450099077424197  |    3.786223648011455    |      0.000244140625     |   0.014233112335205078  |
+-----------+-------------------------+-------------------------+-------------------------+-------------------------+
The iteration converged successfully after 13 steps.
Minimum of cost function: [MINIMUM]


Starting the constrained Gauss-Newton method. Cost at starting value: [COST AT START]
+-----------+-------------------------+-------------------------+-------------------------+-------------------------+
| Iteration | Cost                    | Stepsize (||p||)        | Steplength (h)          | Computation time [s]    |
+-----------+-------------------------+-------------------------+-------------------------+-------------------------+
+-----------+-------------------------+-------------------------+-------------------------+-------------------------+
|     0     |    0.451808206238819    |    3.4643902455423774   |           1.0           |  0.0008375644683837891  |
+-----------+-------------------------+-------------------------+-------------------------+-------------------------+
|     1     |    0.9132117916158603   |    2.2288937587771405   |           0.5           |  0.0013685226440429688  |
+-----------+-------------------------+-------------------------+-------------------------+-------------------------+
|     2     |   -0.6949106566222473   |    3.5138279661314566   |           0.25          |  0.0020241737365722656  |
+-----------+-------------------------+-------------------------+-------------------------+-------------------------+
|     3     |   -0.09819552108328573  |    4.273937610098333    |          0.125          |  0.0027430057525634766  |
+-----------+-------------------------+-------------------------+-------------------------+-------------------------+
|     4     |   -1.5787001544236998   |    2.6629015577932185   |          0.0625         |  0.0034656524658203125  |
+-----------+-------------------------+-------------------------+-------------------------+-------------------------+
|     5     |   -1.8937219354337373   |    4.255782122562563    |         0.03125         |   0.004418373107910156  |
+-----------+-------------------------+-------------------------+-------------------------+-------------------------+
|     6     |   -0.44083849505061207  |    2.9886303241613623   |         0.015625        |  0.0054645538330078125  |
+-----------+-------------------------+-------------------------+-------------------------+-------------------------+
|     7     |    -1.170717869084507   |    4.154327338286671    |        0.0078125        |   0.006133556365966797  |
+-----------+-------------------------+-------------------------+-------------------------+-------------------------+
|     8     |   0.14750511720111145   |    1.8210534747085882   |        0.00390625       |   0.00687718391418457   |
+-----------+-------------------------+-------------------------+-------------------------+-------------------------+
|     9     |   -0.11509094583875519  |    2.350354056363604    |       0.001953125       |   0.007675886154174805  |
+-----------+-------------------------+-------------------------+-------------------------+-------------------------+
|     10    |   -0.09638300299774043  |    3.5548334940731565   |       0.0009765625      |   0.008525371551513672  |
+-----------+-------------------------+-------------------------+-------------------------+-------------------------+
|     11    |    -2.228044594804558   |    2.2461439392458575   |      0.00048828125      |   0.009492158889770508  |
+-----------+-------------------------+-------------------------+-------------------------+-------------------------+
|     12    |    -0.620146229693423   |    2.841145965273536    |      0.000244140625     |   0.010493993759155273  |
+-----------+-------------------------+-------------------------+-------------------------+-------------------------+
The iteration converged successfully after 13 steps.
Minimum of cost function: [MINIMUM]


Starting the constrained Gauss-Newton method. Cost at starting value: [COST AT START]
+-----------+-------------------------+-------------------------+-------------------------+-------------------------+
| Iteration | Cost                    | Stepsize (||p||)        | Steplength (h)          | Computation time [s]    |
+-----------+-------------------------+-------------------------+-------------------------+-------------------------+
+-----------+-------------------------+-------------------------+-------------------------+-------------------------+
|     0     |   0.10530861269095822   |    2.430912976469078    |           1.0           |  0.00023794174194335938 |
+-----------+-------------------------+-------------------------+-------------------------+-------------------------+
|     1     |   -0.9111499744695912   |    2.148289849959296    |           0.5           |   0.000499725341796875  |
+-----------+-------------------------+-------------------------+-------------------------+-------------------------+
|     2     |    1.7703884616243244   |    3.1359111158500528   |           0.25          |  0.0008015632629394531  |
+-----------+-------------------------+-------------------------+-------------------------+-------------------------+
|     3     |   -1.1921144448575427   |    1.8819188653793892   |          0.125          |  0.0011680126190185547  |
+-----------+-------------------------+-------------------------+-------------------------+-------------------------+
|     4     |   -0.25231913930548955  |    4.209054885519372    |          0.0625         |  0.0016057491302490234  |
+-----------+-------------------------+-------------------------+-------------------------+-------------------------+
|     5     |    0.4496374696155767   |    2.4550954775328386   |         0.03125         |   0.002122640609741211  |
+-----------+-------------------------+-------------------------+-------------------------+-------------------------+
|     6     |    1.563083050934046    |    2.133922267564531    |         0.015625        |  0.0026748180389404297  |
+-----------+-------------------------+-------------------------+-------------------------+-------------------------+
|     7     |    1.392230030351795    |    3.484173756134276    |        0.0078125        |  0.0033037662506103516  |
+-----------+-------------------------+-------------------------+-------------------------+-------------------------+
|     8     |    0.7595111235943705   |    3.314072739463959    |        0.00390625       |   0.004012107849121094  |
+-----------+-------------------------+-------------------------+-------------------------+-------------------------+
|     9     |    -1.96639243277328    |    2.9998469670004195   |       0.001953125       |   0.004840373992919922  |
+-----------+-------------------------+-------------------------+-------------------------+-------------------------+
|     10    |    0.7390413891857831   |    3.163343769006519    |       0.0009765625      |   0.005700349807739258  |
+-----------+-------------------------+-------------------------+-------------------------+-------------------------+
|     11    |    0.8701291898357122   |    2.0767453826437756   |      0.00048828125      |  0.0066983699798583984  |
+-----------+-------------------------+-------------------------+-------------------------+-------------------------+
|     12    |   -0.49604088733087354  |    2.455260454164339    |      0.000244140625     |  0.0077588558197021484  |
+-----------+-------------------------+-------------------------+-------------------------+-------------------------+
The iteration converged successfully after 13 steps.
Minimum of cost function: [MINIMUM]


Starting the constrained Gauss-Newton method. Cost at starting value: [COST AT START]
+-----------+-------------------------+-------------------------+-------------------------+-------------------------+
| Iteration | Cost                    | Stepsize (||p||)        | Steplength (h)          | Computation time [s]    |
+-----------+-------------------------+-------------------------+-------------------------+-------------------------+
+-----------+-------------------------+-------------------------+-------------------------+-------------------------+
|     0     |   -0.20812481334145574  |    3.5986647064683157   |           1.0           |  0.00037980079650878906 |
+-----------+-------------------------+-------------------------+-------------------------+-------------------------+
|     1     |    1.528951758341639    |    3.0439408797526033   |           0.5           |  0.0006492137908935547  |
+-----------+-------------------------+-------------------------+-------------------------+-------------------------+
|     2     |    0.6308181089164893   |    2.6749457050038843   |           0.25          |  0.0009634494781494141  |
+-----------+-------------------------+-------------------------+-------------------------+-------------------------+
|     3     |   0.11333707294377897   |    2.225322146066357    |          0.125          |  0.0013463497161865234  |
+-----------+-------------------------+-------------------------+-------------------------+-------------------------+
|     4     |   -0.48568816481128557  |    2.444478218415528    |          0.0625         |  0.0017917156219482422  |
+-----------+-------------------------+-------------------------+-------------------------+-------------------------+
|     5     |    1.0780567234334595   |    3.3842350121891567   |         0.03125         |  0.0022542476654052734  |
+-----------+-------------------------+-------------------------+-------------------------+-------------------------+
|     6     |   -0.20384375023696197  |    4.662634414481355    |         0.015625        |   0.002794504165649414  |
+-----------+-------------------------+-------------------------+-------------------------+-------------------------+
|     7     |   0.43783595412638354   |    2.942218132897768    |        0.0078125        |  0.0037140846252441406  |
+-----------+-------------------------+-------------------------+-------------------------+-------------------------+
|     8     |   -0.34766835022826115  |    2.053248957712691    |        0.00390625       |   0.004498958587646484  |
+-----------+-------------------------+-------------------------+-------------------------+-------------------------+
|     9     |   -0.01036993345908914  |    3.007603088196926    |       0.001953125       |   0.005226850509643555  |
+-----------+-------------------------+-------------------------+-------------------------+-------------------------+
|     10    |   -1.6998471876948176   |    3.548716921869103    |       0.0009765625      |   0.006594657897949219  |
+-----------+-------------------------+-------------------------+-------------------------+-------------------------+
|     11    |    0.4809413074731878   |    3.8589903433930695   |      0.00048828125      |   0.007861137390136719  |
+-----------+-------------------------+-------------------------+-------------------------+-------------------------+
|     12    |   -0.8285911581353638   |    1.9808404560534683   |      0.000244140625     |   0.009089469909667969  |
+-----------+-------------------------+-------------------------+-------------------------+-------------------------+
The iteration converged successfully after 13 steps.
Minimum of cost function: [MINIMUM]


Starting the constrained Gauss-Newton method. Cost at starting value: [COST AT START]
+-----------+-------------------------+-------------------------+-------------------------+-------------------------+
| Iteration | Cost                    | Stepsize (||p||)        | Steplength (h)          | Computation time [s]    |
+-----------+-------------------------+-------------------------+-------------------------+-------------------------+
+-----------+-------------------------+-------------------------+-------------------------+-------------------------+
|     0     |   -1.6873233106212229   |    2.584636010004934    |           1.0           |  0.00038433074951171875 |
+-----------+-------------------------+-------------------------+-------------------------+-------------------------+
|     1     |   0.09368098523584546   |    2.104699199574984    |           0.5           |  0.0006253719329833984  |
+-----------+-------------------------+-------------------------+-------------------------+-------------------------+
|     2     |   -0.6893820681893031   |    4.224827783796995    |           0.25          |  0.0009198188781738281  |
+-----------+-------------------------+-------------------------+-------------------------+-------------------------+
|     3     |    1.4655897258092272   |    3.606171581019301    |          0.125          |  0.0012698173522949219  |
+-----------+-------------------------+-------------------------+-------------------------+-------------------------+
|     4     |   -0.9642407184803704   |    2.503353100346518    |          0.0625         |  0.0017201900482177734  |
+-----------+-------------------------+-------------------------+-------------------------+-------------------------+
|     5     |   0.27636142450066714   |    2.7732286469018255   |         0.03125         |  0.0021843910217285156  |
+-----------+-------------------------+-------------------------+-------------------------+-------------------------+
|     6     |   -1.0549664388098503   |    2.5508238964659165   |         0.015625        |   0.002783060073852539  |
+-----------+-------------------------+-------------------------+-------------------------+-------------------------+
|     7     |   0.06445617025092835   |    1.8515016801905109   |        0.0078125        |  0.0035157203674316406  |
+-----------+-------------------------+-------------------------+-------------------------+-------------------------+
|     8     |   -1.8685102793013555   |    3.1143365507989476   |        0.00390625       |   0.004173755645751953  |
+-----------+-------------------------+-------------------------+-------------------------+-------------------------+
|     9     |   -0.9516249543950553   |    2.9705052589847716   |       0.001953125       |   0.004893064498901367  |
+-----------+-------------------------+-------------------------+-------------------------+-------------------------+
|     10    |    0.7368655866436256   |    2.7924628200316373   |       0.0009765625      |   0.005715131759643555  |
+-----------+-------------------------+-------------------------+-------------------------+-------------------------+
|     11    |    0.2236803281644209   |    2.260071043262134    |      0.00048828125      |   0.00658869743347168   |
+-----------+-------------------------+-------------------------+-------------------------+-------------------------+
|     12    |    1.0254782319970244   |    4.299900864022238    |      0.000244140625     |   0.007492542266845703  |
+-----------+-------------------------+-------------------------+-------------------------+-------------------------+
The iteration converged successfully after 13 steps.
Minimum of cost function: [MINIMUM]


Starting the constrained Gauss-Newton method. Cost at starting value: [COST AT START]
+-----------+-------------------------+-------------------------+-------------------------+-------------------------+
| Iteration | Cost                    | Stepsize (||p||)        | Steplength (h)          | Computation time [s]    |
+-----------+-------------------------+-------------------------+-------------------------+-------------------------+
+-----------+-------------------------+-------------------------+-------------------------+-------------------------+
|     0     |    -1.147654847358884   |    3.8240853152727903   |           1.0           |      0.000244140625     |
+-----------+-------------------------+-------------------------+-------------------------+-------------------------+
|     1     |   -1.1125012067028914   |    1.5619522802934664   |           0.5           |  0.00046825408935546875 |
+-----------+-------------------------+-------------------------+-------------------------+-------------------------+
|     2     |    0.1956426892005856   |    2.686393460204176    |           0.25          |  0.0008001327514648438  |
+-----------+-------------------------+-------------------------+-------------------------+-------------------------+
|     3     |    -0.933235005226493   |     3.0622278479988     |          0.125          |  0.0011448860168457031  |
+-----------+-------------------------+-------------------------+-------------------------+-------------------------+
|     4     |    1.4699693266839489   |    3.6458104216403213   |          0.0625         |  0.0015416145324707031  |
+-----------+-------------------------+-------------------------+-------------------------+-------------------------+
|     5     |    0.2293159964806139   |    3.6464937496580854   |         0.03125         |   0.001998424530029297  |
+-----------+-------------------------+-------------------------+-------------------------+-------------------------+
|     6     |   -0.09440608037087785  |    2.869289257670821    |         0.015625        |  0.0025205612182617188  |
+-----------+-------------------------+-------------------------+-------------------------+-------------------------+
|     7     |   -0.8558413308424899   |    3.637868778679601    |        0.0078125        |   0.003108501434326172  |
+-----------+-------------------------+-------------------------+-------------------------+-------------------------+
|     8     |   -0.27326469959453703  |     4.12551206570153    |        0.00390625       |  0.0037534236907958984  |
+-----------+-------------------------+-------------------------+-------------------------+-------------------------+
|     9     |   -0.8603257398200964   |    2.8108074878335954   |       0.001953125       |   0.004461050033569336  |
+-----------+-------------------------+-------------------------+-------------------------+-------------------------+
|     10    |    1.4167973697471585   |    4.2436333014727206   |       0.0009765625      |  0.0053157806396484375  |
+-----------+-------------------------+-------------------------+-------------------------+-------------------------+
|     11    |   -1.0599088386776168   |    3.878422076332504    |      0.00048828125      |   0.006160736083984375  |
+-----------+-------------------------+-------------------------+-------------------------+-------------------------+
|     12    |   -0.6038700094648479   |    3.0743053052429667   |      0.000244140625     |  0.0070645809173583984  |
+-----------+-------------------------+-------------------------+-------------------------+-------------------------+
The iteration converged successfully after 13 steps.
Minimum of cost function: [MINIMUM]


Starting the constrained Gauss-Newton method. Cost at starting value: [COST AT START]
+-----------+-------------------------+-------------------------+-------------------------+-------------------------+
| Iteration | Cost                    | Stepsize (||p||)        | Steplength (h)          | Computation time [s]    |
+-----------+-------------------------+-------------------------+-------------------------+-------------------------+
+-----------+-------------------------+-------------------------+-------------------------+-------------------------+
|     0     |   -0.3010534279738771   |    2.569904343346762    |           1.0           |  0.0004107952117919922  |
+-----------+-------------------------+-------------------------+-------------------------+-------------------------+
|     1     |   -0.29324480133226316  |     2.75218710894533    |           0.5           |  0.0006544589996337891  |
+-----------+-------------------------+-------------------------+-------------------------+-------------------------+
|     2     |    0.3224245565999184   |    3.6309630001999973   |           0.25          |  0.0009419918060302734  |
+-----------+-------------------------+-------------------------+-------------------------+-------------------------+
|     3     |    0.5484656087776039   |    2.4724152119353207   |          0.125          |   0.00128936767578125   |
+-----------+-------------------------+-------------------------+-------------------------+-------------------------+
|     4     |   -0.6739817928708265   |    3.326403495381265    |          0.0625         |  0.0016987323760986328  |
+-----------+-------------------------+-------------------------+-------------------------+-------------------------+
|     5     |   -0.7296071268251728   |    2.471909365491414    |         0.03125         |  0.0021829605102539062  |
+-----------+-------------------------+-------------------------+-------------------------+-------------------------+
|     6     |    1.0578061140892663   |    3.603494087367292    |         0.015625        |   0.003084421157836914  |
+-----------+-------------------------+-------------------------+-------------------------+-------------------------+
|     7     |    -2.051483180864398   |    3.175700844896568    |        0.0078125        |  0.0042498111724853516  |
+-----------+-------------------------+-------------------------+-------------------------+-------------------------+
|     8     |   -0.21233701486828885  |    3.406231026238802    |        0.00390625       |   0.005015134811401367  |
+-----------+-------------------------+-------------------------+-------------------------+-------------------------+
|     9     |   -0.8722831693659272   |    3.051555938617715    |       0.001953125       |   0.005727052688598633  |
+-----------+-------------------------+-------------------------+-------------------------+-------------------------+
|     10    |   -0.20645447193502967  |    3.060676715400408    |       0.0009765625      |   0.006494998931884766  |
+-----------+-------------------------+-------------------------+-------------------------+-------------------------+
|     11    |    0.4265677865681902   |    3.9717816788620497   |      0.00048828125      |   0.007401466369628906  |
+-----------+-------------------------+-------------------------+-------------------------+-------------------------+
|     12    |   -0.22465095289319037  |    3.145470650481895    |      0.000244140625     |   0.008468866348266602  |
+-----------+-------------------------+-------------------------+-------------------------+-------------------------+
The iteration converged successfully after 13 steps.
Minimum of cost function: [MINIMUM]


Starting the constrained Gauss-Newton method. Cost at starting value: [COST AT START]
+-----------+-------------------------+-------------------------+-------------------------+-------------------------+
| Iteration | Cost                    | Stepsize (||p||)        | Steplength (h)          | Computation time [s]    |
+-----------+-------------------------+-------------------------+-------------------------+-------------------------+
+-----------+-------------------------+-------------------------+-------------------------+-------------------------+
|     0     |    0.927519509641987    |    2.584391653060209    |           1.0           |  0.00038170814514160156 |
+-----------+-------------------------+-------------------------+-------------------------+-------------------------+
|     1     |    -0.599475440223815   |    3.3234835005373773   |           0.5           |  0.0006272792816162109  |
+-----------+-------------------------+-------------------------+-------------------------+-------------------------+
|     2     |   -1.4702919695507903   |    1.9651529648645416   |           0.25          |  0.0009365081787109375  |
+-----------+-------------------------+-------------------------+-------------------------+-------------------------+
|     3     |    1.2628534858891265   |    1.9342608199107343   |          0.125          |  0.0013189315795898438  |
+-----------+-------------------------+-------------------------+-------------------------+-------------------------+
|     4     |   -0.34490152782088235  |    4.071085101015998    |          0.0625         |  0.0018057823181152344  |
+-----------+-------------------------+-------------------------+-------------------------+-------------------------+
|     5     |    1.9936678787312752   |    2.5072831648069958   |         0.03125         |  0.0023107528686523438  |
+-----------+-------------------------+-------------------------+-------------------------+-------------------------+
|     6     |   -0.7958320014547217   |    3.597819598860966    |         0.015625        |  0.0029196739196777344  |
+-----------+-------------------------+-------------------------+-------------------------+-------------------------+
|     7     |    1.733186743463503    |    2.8155132099032922   |        0.0078125        |  0.0035490989685058594  |
+-----------+-------------------------+-------------------------+-------------------------+-------------------------+
|     8     |   -0.9620255131924329   |    2.711384644669338    |        0.00390625       |   0.004353046417236328  |
+-----------+-------------------------+-------------------------+-------------------------+-------------------------+
|     9     |   0.36999781454010494   |    2.3765179317642167   |       0.001953125       |   0.005083799362182617  |
+-----------+-------------------------+-------------------------+-------------------------+-------------------------+
|     10    |    0.8685830003120544   |    3.124179023474413    |       0.0009765625      |   0.005869388580322266  |
+-----------+-------------------------+-------------------------+-------------------------+-------------------------+
|     11    |   -0.6913939459656213   |    2.675769824208218    |      0.00048828125      |   0.00672149658203125   |
+-----------+-------------------------+-------------------------+-------------------------+-------------------------+
|     12    |    1.1517307044869283   |    2.265636118008613    |      0.000244140625     |   0.007646083831787109  |
+-----------+-------------------------+-------------------------+-------------------------+-------------------------+
The iteration converged successfully after 13 steps.
Minimum of cost function: [MINIMUM]


Starting the constrained Gauss-Newton method. Cost at starting value: [COST AT START]
+-----------+-------------------------+-------------------------+-------------------------+-------------------------+
| Iteration | Cost                    | Stepsize (||p||)        | Steplength (h)          | Computation time [s]    |
+-----------+-------------------------+-------------------------+-------------------------+-------------------------+
+-----------+-------------------------+-------------------------+-------------------------+-------------------------+
|     0     |   0.32064671041442144   |    2.628679562366672    |           1.0           |  0.0002155303955078125  |
+-----------+-------------------------+-------------------------+-------------------------+-------------------------+
|     1     |   -0.41244576890245477  |    3.091348036320686    |           0.5           |  0.0004367828369140625  |
+-----------+-------------------------+-------------------------+-------------------------+-------------------------+
|     2     |   -0.1733788451705513   |    2.9319296917834685   |           0.25          |  0.0007150173187255859  |
+-----------+-------------------------+-------------------------+-------------------------+-------------------------+
|     3     |   -0.6019317131477961   |    3.239715335764696    |          0.125          |  0.0010538101196289062  |
+-----------+-------------------------+-------------------------+-------------------------+-------------------------+
|     4     |   -0.07962772871607048  |    3.543619203059885    |          0.0625         |  0.0014491081237792969  |
+-----------+-------------------------+-------------------------+-------------------------+-------------------------+
|     5     |   -0.12440737239547255  |    2.2068935282395135   |         0.03125         |  0.0019054412841796875  |
+-----------+-------------------------+-------------------------+-------------------------+-------------------------+
|     6     |   -0.9658976858355603   |    4.083781378352985    |         0.015625        |  0.0024247169494628906  |
+-----------+-------------------------+-------------------------+-------------------------+-------------------------+
|     7     |    0.5180473222344115   |    2.264392356199074    |        0.0078125        |  0.0030303001403808594  |
+-----------+-------------------------+-------------------------+-------------------------+-------------------------+
|     8     |   0.19740511221999102   |    4.259263126119328    |        0.00390625       |  0.0036766529083251953  |
+-----------+-------------------------+-------------------------+-------------------------+-------------------------+
|     9     |    0.7841137090745884   |    2.527042663079047    |       0.001953125       |   0.004388570785522461  |
+-----------+-------------------------+-------------------------+-------------------------+-------------------------+
|     10    |   -0.8904845678386911   |    3.259672224676081    |       0.0009765625      |   0.00516510009765625   |
+-----------+-------------------------+-------------------------+-------------------------+-------------------------+
|     11    |   0.40452833570666313   |    2.388579269478275    |      0.00048828125      |  0.0060062408447265625  |
+-----------+-------------------------+-------------------------+-------------------------+-------------------------+
|     12    |   -0.9685006865485155   |    3.286884654782863    |      0.000244140625     |   0.006907224655151367  |
+-----------+-------------------------+-------------------------+-------------------------+-------------------------+
The iteration converged successfully after 13 steps.
Minimum of cost function: [MINIMUM]


Starting the constrained Gauss-Newton method. Cost at starting value: [COST AT START]
+-----------+-------------------------+-------------------------+-------------------------+-------------------------+
| Iteration | Cost                    | Stepsize (||p||)        | Steplength (h)          | Computation time [s]    |
+-----------+-------------------------+-------------------------+-------------------------+-------------------------+
+-----------+-------------------------+-------------------------+-------------------------+-------------------------+
|     0     |    0.9236798589929451   |    3.3486832931844757   |           1.0           |  0.00038933753967285156 |
+-----------+-------------------------+-------------------------+-------------------------+-------------------------+
|     1     |    0.7683321060271487   |    2.932018777885206    |           0.5           |  0.0011906623840332031  |
+-----------+-------------------------+-------------------------+-------------------------+-------------------------+
|     2     |   -1.2157506186176616   |    2.855802714895166    |           0.25          |  0.0015020370483398438  |
+-----------+-------------------------+-------------------------+-------------------------+-------------------------+
|     3     |    2.6662439606787154   |    2.9538653881100934   |          0.125          |  0.0018627643585205078  |
+-----------+-------------------------+-------------------------+-------------------------+-------------------------+
|     4     |    1.0096879963183016   |     3.69714241921634    |          0.0625         |  0.0022830963134765625  |
+-----------+-------------------------+-------------------------+-------------------------+-------------------------+
|     5     |    -1.497873466216509   |    3.2992588627503396   |         0.03125         |  0.0027637481689453125  |
+-----------+-------------------------+-------------------------+-------------------------+-------------------------+
|     6     |   0.20198226614620746   |    3.8114127373325988   |         0.015625        |  0.0034787654876708984  |
+-----------+-------------------------+-------------------------+-------------------------+-------------------------+
|     7     |    2.138125268730527    |    2.948722845168466    |        0.0078125        |   0.004206418991088867  |
+-----------+-------------------------+-------------------------+-------------------------+-------------------------+
|     8     |    0.6268534381909288   |    3.002339038860362    |        0.00390625       |  0.0049245357513427734  |
+-----------+-------------------------+-------------------------+-------------------------+-------------------------+
|     9     |   -0.45681922841772243  |    3.7624813630868412   |       0.001953125       |   0.005689859390258789  |
+-----------+-------------------------+-------------------------+-------------------------+-------------------------+
|     10    |   0.04910317557994913   |    4.4864207807729475   |       0.0009765625      |   0.006478786468505859  |
+-----------+-------------------------+-------------------------+-------------------------+-------------------------+
|     11    |    0.5863381625022505   |    2.439494316610137    |      0.00048828125      |   0.007329702377319336  |
+-----------+-------------------------+-------------------------+-------------------------+-------------------------+
|     12    |   -1.2164819759795138   |    2.2883671104556904   |      0.000244140625     |   0.008248567581176758  |
+-----------+-------------------------+-------------------------+-------------------------+-------------------------+
The iteration converged successfully after 13 steps.
Minimum of cost function: [MINIMUM]


Starting the constrained Gauss-Newton method. Cost at starting value: [COST AT START]
+-----------+-------------------------+-------------------------+-------------------------+-------------------------+
| Iteration | Cost                    | Stepsize (||p||)        | Steplength (h)          | Computation time [s]    |
+-----------+-------------------------+-------------------------+-------------------------+-------------------------+
+-----------+-------------------------+-------------------------+-------------------------+-------------------------+
|     0     |   0.08394047966481444   |    3.240303642024114    |           1.0           |  0.00038814544677734375 |
+-----------+-------------------------+-------------------------+-------------------------+-------------------------+
|     1     |   -0.8585042257564399   |     5.1406820233735     |           0.5           |  0.0006778240203857422  |
+-----------+-------------------------+-------------------------+-------------------------+-------------------------+
|     2     |    1.4952738347778043   |    3.620980162319572    |           0.25          |  0.0010056495666503906  |
+-----------+-------------------------+-------------------------+-------------------------+-------------------------+
|     3     |    1.2364577024660093   |    3.814690517688699    |          0.125          |  0.0014011859893798828  |
+-----------+-------------------------+-------------------------+-------------------------+-------------------------+
|     4     |    0.4522793551073357   |    3.252623230320695    |          0.0625         |  0.0018122196197509766  |
+-----------+-------------------------+-------------------------+-------------------------+-------------------------+
|     5     |    -2.017067254582737   |    3.273546809991355    |         0.03125         |  0.0022809505462646484  |
+-----------+-------------------------+-------------------------+-------------------------+-------------------------+
|     6     |   -1.8996465297271867   |    2.7597011448306055   |         0.015625        |  0.0028085708618164062  |
+-----------+-------------------------+-------------------------+-------------------------+-------------------------+
|     7     |   -1.2401758171198662   |    2.6484932553060614   |        0.0078125        |  0.0034003257751464844  |
+-----------+-------------------------+-------------------------+-------------------------+-------------------------+
|     8     |    1.082268005702836    |    4.118863970769266    |        0.00390625       |   0.004343748092651367  |
+-----------+-------------------------+-------------------------+-------------------------+-------------------------+
|     9     |   0.40829814163692135   |    2.424215569475813    |       0.001953125       |   0.005094051361083984  |
+-----------+-------------------------+-------------------------+-------------------------+-------------------------+
|     10    |    0.7395843052352963   |    3.437938425733138    |       0.0009765625      |  0.0059206485748291016  |
+-----------+-------------------------+-------------------------+-------------------------+-------------------------+
|     11    |   -0.4117946706560307   |    4.368139762345356    |      0.00048828125      |   0.006845235824584961  |
+-----------+-------------------------+-------------------------+-------------------------+-------------------------+
|     12    |    1.6904971790715098   |    3.1909057126102613   |      0.000244140625     |   0.00774383544921875   |
+-----------+-------------------------+-------------------------+-------------------------+-------------------------+
The iteration converged successfully after 13 steps.
Minimum of cost function: [MINIMUM]


Starting the constrained Gauss-Newton method. Cost at starting value: [COST AT START]
+-----------+-------------------------+-------------------------+-------------------------+-------------------------+
| Iteration | Cost                    | Stepsize (||p||)        | Steplength (h)          | Computation time [s]    |
+-----------+-------------------------+-------------------------+-------------------------+-------------------------+
+-----------+-------------------------+-------------------------+-------------------------+-------------------------+
|     0     |    2.837135538200321    |    2.409625995169866    |           1.0           |  0.0002129077911376953  |
+-----------+-------------------------+-------------------------+-------------------------+-------------------------+
|     1     |   -0.21258964036660213  |    3.2564920622252944   |           0.5           |  0.0004706382751464844  |
+-----------+-------------------------+-------------------------+-------------------------+-------------------------+
|     2     |   0.22915329435327197   |    3.2506851238188395   |           0.25          |  0.0007512569427490234  |
+-----------+-------------------------+-------------------------+-------------------------+-------------------------+
|     3     |   -0.6872602329660953   |    3.4682269354185986   |          0.125          |  0.0010883808135986328  |
+-----------+-------------------------+-------------------------+-------------------------+-------------------------+
|     4     |  -0.012339524216938716  |    3.601325306227804    |          0.0625         |  0.0014846324920654297  |
+-----------+-------------------------+-------------------------+-------------------------+-------------------------+
|     5     |  0.0004982142715444255  |    3.8214042934822485   |         0.03125         |  0.0019712448120117188  |
+-----------+-------------------------+-------------------------+-------------------------+-------------------------+
|     6     |    1.3314798228149027   |    3.077359847272114    |         0.015625        |   0.002490520477294922  |
+-----------+-------------------------+-------------------------+-------------------------+-------------------------+
|     7     |   -1.3606952380999222   |    2.900534486971429    |        0.0078125        |  0.0030753612518310547  |
+-----------+-------------------------+-------------------------+-------------------------+-------------------------+
|     8     |   0.05965769184391807   |    3.222913104772449    |        0.00390625       |   0.003717660903930664  |
+-----------+-------------------------+-------------------------+-------------------------+-------------------------+
|     9     |   -1.3294154770397897   |    2.098963911100663    |       0.001953125       |   0.004460334777832031  |
+-----------+-------------------------+-------------------------+-------------------------+-------------------------+
|     10    |   -1.3410515518436479   |    3.2300350611826762   |       0.0009765625      |  0.0052258968353271484  |
+-----------+-------------------------+-------------------------+-------------------------+-------------------------+
|     11    |    2.000452875601803    |    1.8318561852905224   |      0.00048828125      |   0.006085634231567383  |
+-----------+-------------------------+-------------------------+-------------------------+-------------------------+
|     12    |   -0.6158630975725807   |    2.810460317861205    |      0.000244140625     |    0.0071258544921875   |
+-----------+-------------------------+-------------------------+-------------------------+-------------------------+
The iteration converged successfully after 13 steps.
Minimum of cost function: [MINIMUM]


Starting the constrained Gauss-Newton method. Cost at starting value: [COST AT START]
+-----------+-------------------------+-------------------------+-------------------------+-------------------------+
| Iteration | Cost                    | Stepsize (||p||)        | Steplength (h)          | Computation time [s]    |
+-----------+-------------------------+-------------------------+-------------------------+-------------------------+
+-----------+-------------------------+-------------------------+-------------------------+-------------------------+
|     0     |     0.92276534260741    |    3.2800876543981197   |           1.0           |  0.0004096031188964844  |
+-----------+-------------------------+-------------------------+-------------------------+-------------------------+
|     1     |   -1.6436761558711412   |    3.8243855765063013   |           0.5           |  0.0006909370422363281  |
+-----------+-------------------------+-------------------------+-------------------------+-------------------------+
|     2     |    0.5649563103573655   |    2.2307225125529135   |           0.25          |   0.001004934310913086  |
+-----------+-------------------------+-------------------------+-------------------------+-------------------------+
|     3     |   -0.6154011511738074   |    3.5562867953571944   |          0.125          |  0.0013659000396728516  |
+-----------+-------------------------+-------------------------+-------------------------+-------------------------+
|     4     |    0.6570068621145255   |    2.4811245178504406   |          0.0625         |  0.0017881393432617188  |
+-----------+-------------------------+-------------------------+-------------------------+-------------------------+
|     5     |   -0.4449375271163124   |    3.387661411956088    |         0.03125         |  0.0022711753845214844  |
+-----------+-------------------------+-------------------------+-------------------------+-------------------------+
|     6     |   -0.13365305329848903  |    4.5449939360050235   |         0.015625        |  0.0028159618377685547  |
+-----------+-------------------------+-------------------------+-------------------------+-------------------------+
|     7     |     1.1166221586136     |    3.3163419986419846   |        0.0078125        |  0.0034284591674804688  |
+-----------+-------------------------+-------------------------+-------------------------+-------------------------+
|     8     |   -0.27283080514918107  |    1.7664233767389148   |        0.00390625       |   0.004137516021728516  |
+-----------+-------------------------+-------------------------+-------------------------+-------------------------+
|     9     |   -1.8998184063403956   |    4.955686635091537    |       0.001953125       |  0.0049533843994140625  |
+-----------+-------------------------+-------------------------+-------------------------+-------------------------+
|     10    |    1.1435792735435533   |    4.397688269847886    |       0.0009765625      |   0.005751371383666992  |
+-----------+-------------------------+-------------------------+-------------------------+-------------------------+
|     11    |   -0.5640859995513049   |    2.8929231920010197   |      0.00048828125      |  0.0066127777099609375  |
+-----------+-------------------------+-------------------------+-------------------------+-------------------------+
|     12    |   -0.34684405509544164  |    3.5475324816540597   |      0.000244140625     |   0.007539033889770508  |
+-----------+-------------------------+-------------------------+-------------------------+-------------------------+
The iteration converged successfully after 13 steps.
Minimum of cost function: [MINIMUM]


Starting the constrained Gauss-Newton method. Cost at starting value: [COST AT START]
+-----------+-------------------------+-------------------------+-------------------------+-------------------------+
| Iteration | Cost                    | Stepsize (||p||)        | Steplength (h)          | Computation time [s]    |
+-----------+-------------------------+-------------------------+-------------------------+-------------------------+
+-----------+-------------------------+-------------------------+-------------------------+-------------------------+
|     0     |    0.9421666449127889   |    2.812660182406581    |           1.0           |  0.0004405975341796875  |
+-----------+-------------------------+-------------------------+-------------------------+-------------------------+
|     1     |    1.3764303386109835   |    3.597319886232898    |           0.5           |  0.0007290840148925781  |
+-----------+-------------------------+-------------------------+-------------------------+-------------------------+
|     2     |    0.8050302964591889   |    2.595509171994098    |           0.25          |  0.0010352134704589844  |
+-----------+-------------------------+-------------------------+-------------------------+-------------------------+
|     3     |   -0.8134946927047518   |    2.6991832252718795   |          0.125          |  0.0013957023620605469  |
+-----------+-------------------------+-------------------------+-------------------------+-------------------------+
|     4     |   -0.05979517298935781  |    2.797460933798962    |          0.0625         |   0.001813650131225586  |
+-----------+-------------------------+-------------------------+-------------------------+-------------------------+
|     5     |   -0.05269896146603393  |    3.3148550866680586   |         0.03125         |  0.0023453235626220703  |
+-----------+-------------------------+-------------------------+-------------------------+-------------------------+
|     6     |   -0.4910441650111244   |    2.6970405442005148   |         0.015625        |   0.002892017364501953  |
+-----------+-------------------------+-------------------------+-------------------------+-------------------------+
|     7     |   -0.8999904450627018   |    2.6839855208995083   |        0.0078125        |   0.003499746322631836  |
+-----------+-------------------------+-------------------------+-------------------------+-------------------------+
|     8     |   0.25478672926054213   |    4.839841181688481    |        0.00390625       |   0.00416874885559082   |
+-----------+-------------------------+-------------------------+-------------------------+-------------------------+
|     9     |   -0.9492834103537967   |    2.994242295237476    |       0.001953125       |   0.005048513412475586  |
+-----------+-------------------------+-------------------------+-------------------------+-------------------------+
|     10    |    0.8508493888698723   |    4.319276624783021    |       0.0009765625      |  0.0058443546295166016  |
+-----------+-------------------------+-------------------------+-------------------------+-------------------------+
|     11    |    0.2582088838853564   |    4.167196333225706    |      0.00048828125      |   0.00674128532409668   |
+-----------+-------------------------+-------------------------+-------------------------+-------------------------+
|     12    |   0.14965973010855207   |    2.626417054093143    |      0.000244140625     |   0.007654428482055664  |
+-----------+-------------------------+-------------------------+-------------------------+-------------------------+
The iteration converged successfully after 13 steps.
Minimum of cost function: [MINIMUM]


Starting the constrained Gauss-Newton method. Cost at starting value: [COST AT START]
+-----------+-------------------------+-------------------------+-------------------------+-------------------------+
| Iteration | Cost                    | Stepsize (||p||)        | Steplength (h)          | Computation time [s]    |
+-----------+-------------------------+-------------------------+-------------------------+-------------------------+
+-----------+-------------------------+-------------------------+-------------------------+-------------------------+
|     0     |    0.3971450136632819   |    2.4975894027404033   |           1.0           |  0.00021958351135253906 |
+-----------+-------------------------+-------------------------+-------------------------+-------------------------+
|     1     |   0.055772445655423164  |    3.954193974552282    |           0.5           |  0.00044727325439453125 |
+-----------+-------------------------+-------------------------+-------------------------+-------------------------+
|     2     |   -0.38109178162907753  |    2.7807127047883213   |           0.25          |  0.0007340908050537109  |
+-----------+-------------------------+-------------------------+-------------------------+-------------------------+
|     3     |   0.10482319301110118   |    2.081594561846819    |          0.125          |   0.001131296157836914  |
+-----------+-------------------------+-------------------------+-------------------------+-------------------------+
|     4     |   -0.4691051508257124   |    2.923217393109646    |          0.0625         |   0.001613616943359375  |
+-----------+-------------------------+-------------------------+-------------------------+-------------------------+
|     5     |    0.8340195158053525   |     4.00570284129265    |         0.03125         |  0.0022056102752685547  |
+-----------+-------------------------+-------------------------+-------------------------+-------------------------+
|     6     |   -1.6710057725674892   |    2.232935943518805    |         0.015625        |   0.002888917922973633  |
+-----------+-------------------------+-------------------------+-------------------------+-------------------------+
|     7     |   -0.7476379658153341   |    4.634775908880709    |        0.0078125        |      0.003662109375     |
+-----------+-------------------------+-------------------------+-------------------------+-------------------------+
|     8     |   -0.1359682579526438   |    2.7908163016783867   |        0.00390625       |   0.004433393478393555  |
+-----------+-------------------------+-------------------------+-------------------------+-------------------------+
|     9     |    1.2151278633460718   |    2.9374909897154753   |       0.001953125       |   0.005236148834228516  |
+-----------+-------------------------+-------------------------+-------------------------+-------------------------+
|     10    |   -0.7224653052317467   |    2.9723763111922556   |       0.0009765625      |   0.006548643112182617  |
+-----------+-------------------------+-------------------------+-------------------------+-------------------------+
|     11    |    0.7816402199505034   |    2.775203677551024    |      0.00048828125      |   0.00743556022644043   |
+-----------+-------------------------+-------------------------+-------------------------+-------------------------+
|     12    |   -1.3103144067503343   |    3.3663862539332032   |      0.000244140625     |   0.008361101150512695  |
+-----------+-------------------------+-------------------------+-------------------------+-------------------------+
The iteration converged successfully after 13 steps.
Minimum of cost function: [MINIMUM]


Starting the constrained Gauss-Newton method. Cost at starting value: [COST AT START]
+-----------+-------------------------+-------------------------+-------------------------+-------------------------+
| Iteration | Cost                    | Stepsize (||p||)        | Steplength (h)          | Computation time [s]    |
+-----------+-------------------------+-------------------------+-------------------------+-------------------------+
+-----------+-------------------------+-------------------------+-------------------------+-------------------------+
|     0     |   -0.29153890828141976  |    2.696820494721798    |           1.0           |   0.000606536865234375  |
+-----------+-------------------------+-------------------------+-------------------------+-------------------------+
|     1     |    0.0713722116654467   |     4.15084790636425    |           0.5           |  0.0009026527404785156  |
+-----------+-------------------------+-------------------------+-------------------------+-------------------------+
|     2     |    0.9919069211610998   |     2.35241528342153    |           0.25          |  0.0012156963348388672  |
+-----------+-------------------------+-------------------------+-------------------------+-------------------------+
|     3     |   -0.9117971324551631   |    2.582937876386691    |          0.125          |  0.0015981197357177734  |
+-----------+-------------------------+-------------------------+-------------------------+-------------------------+
|     4     |   -0.23282378493755848  |    2.410052806644206    |          0.0625         |  0.0020263195037841797  |
+-----------+-------------------------+-------------------------+-------------------------+-------------------------+
|     5     |    -1.404792911314962   |    2.0694416319320803   |         0.03125         |  0.0025153160095214844  |
+-----------+-------------------------+-------------------------+-------------------------+-------------------------+
|     6     |   -0.5214060621606829   |    3.366948095822297    |         0.015625        |   0.003065347671508789  |
+-----------+-------------------------+-------------------------+-------------------------+-------------------------+
|     7     |   -0.5106071924040507   |    1.5503800392452787   |        0.0078125        |  0.0037162303924560547  |
+-----------+-------------------------+-------------------------+-------------------------+-------------------------+
|     8     |   -0.6515869116262396   |    2.643499472543847    |        0.00390625       |      0.00439453125      |
+-----------+-------------------------+-------------------------+-------------------------+-------------------------+
|     9     |   -1.5715968287122755   |    3.4895130370221494   |       0.001953125       |   0.005118131637573242  |
+-----------+-------------------------+-------------------------+-------------------------+-------------------------+
|     10    |   -0.6161560750361742   |    2.1259044609127042   |       0.0009765625      |   0.005899190902709961  |
+-----------+-------------------------+-------------------------+-------------------------+-------------------------+
|     11    |   -0.5718651534053099   |    2.5152683778389444   |      0.00048828125      |   0.006778240203857422  |
+-----------+-------------------------+-------------------------+-------------------------+-------------------------+
|     12    |   -0.9344915698038103   |    2.8373102716862215   |      0.000244140625     |  0.0077555179595947266  |
+-----------+-------------------------+-------------------------+-------------------------+-------------------------+
The iteration converged successfully after 13 steps.
Minimum of cost function: [MINIMUM]


Starting the constrained Gauss-Newton method. Cost at starting value: [COST AT START]
+-----------+-------------------------+-------------------------+-------------------------+-------------------------+
| Iteration | Cost                    | Stepsize (||p||)        | Steplength (h)          | Computation time [s]    |
+-----------+-------------------------+-------------------------+-------------------------+-------------------------+
+-----------+-------------------------+-------------------------+-------------------------+-------------------------+
|     0     |    -3.28663676440497    |    3.5368201580356113   |           1.0           |  0.0003802776336669922  |
+-----------+-------------------------+-------------------------+-------------------------+-------------------------+
|     1     |   -0.33407472778902986  |    2.3040740043759484   |           0.5           |  0.0006492137908935547  |
+-----------+-------------------------+-------------------------+-------------------------+-------------------------+
|     2     |   -0.7055268473913147   |    4.086277510018684    |           0.25          |  0.0009696483612060547  |
+-----------+-------------------------+-------------------------+-------------------------+-------------------------+
|     3     |   -0.7500121080048293   |    2.9230883549599493   |          0.125          |  0.0013408660888671875  |
+-----------+-------------------------+-------------------------+-------------------------+-------------------------+
|     4     |    -0.424901354943988   |    2.228125590690613    |          0.0625         |   0.001819610595703125  |
+-----------+-------------------------+-------------------------+-------------------------+-------------------------+
|     5     |    0.0926840635194997   |    2.158163688613139    |         0.03125         |   0.002353191375732422  |
+-----------+-------------------------+-------------------------+-------------------------+-------------------------+
|     6     |   0.25267145973079447   |    2.3772486842499796   |         0.015625        |   0.003077983856201172  |
+-----------+-------------------------+-------------------------+-------------------------+-------------------------+
|     7     |    1.950435349431449    |    3.1550768975243497   |        0.0078125        |  0.0037279129028320312  |
+-----------+-------------------------+-------------------------+-------------------------+-------------------------+
|     8     |    1.0022401001302663   |    2.8013897867580946   |        0.00390625       |   0.004401206970214844  |
+-----------+-------------------------+-------------------------+-------------------------+-------------------------+
|     9     |    -1.134823826289223   |    3.3408647663685485   |       0.001953125       |  0.0052852630615234375  |
+-----------+-------------------------+-------------------------+-------------------------+-------------------------+
|     10    |   0.11755687905621193   |    4.558584262499115    |       0.0009765625      |   0.006111621856689453  |
+-----------+-------------------------+-------------------------+-------------------------+-------------------------+
|     11    |    0.5755688312462389   |    2.549029892561961    |      0.00048828125      |  0.0069925785064697266  |
+-----------+-------------------------+-------------------------+-------------------------+-------------------------+
|     12    |   -1.5273475780228134   |    3.6956894521595585   |      0.000244140625     |   0.007919788360595703  |
+-----------+-------------------------+-------------------------+-------------------------+-------------------------+
The iteration converged successfully after 13 steps.
Minimum of cost function: [MINIMUM]


Starting the constrained Gauss-Newton method. Cost at starting value: [COST AT START]
+-----------+-------------------------+-------------------------+-------------------------+-------------------------+
| Iteration | Cost                    | Stepsize (||p||)        | Steplength (h)          | Computation time [s]    |
+-----------+-------------------------+-------------------------+-------------------------+-------------------------+
+-----------+-------------------------+-------------------------+-------------------------+-------------------------+
|     0     |   -0.6576506587702868   |    2.7667900297527988   |           1.0           |  0.00021886825561523438 |
+-----------+-------------------------+-------------------------+-------------------------+-------------------------+
|     1     |   0.20133915714923267   |     2.73987819294402    |           0.5           |  0.0004458427429199219  |
+-----------+-------------------------+-------------------------+-------------------------+-------------------------+
|     2     |     1.79414932199569    |    4.075580577499371    |           0.25          |  0.0007410049438476562  |
+-----------+-------------------------+-------------------------+-------------------------+-------------------------+
|     3     |   -1.6534203375686611   |    2.5205380065730325   |          0.125          |  0.0011210441589355469  |
+-----------+-------------------------+-------------------------+-------------------------+-------------------------+
|     4     |    1.485160206837729    |    2.4412750422950533   |          0.0625         |   0.001603841781616211  |
+-----------+-------------------------+-------------------------+-------------------------+-------------------------+
|     5     |   -0.4873731140553669   |    1.9405941513043377   |         0.03125         |  0.0021495819091796875  |
+-----------+-------------------------+-------------------------+-------------------------+-------------------------+
|     6     |    0.8044141951410457   |    2.8209627329924594   |         0.015625        |  0.0026826858520507812  |
+-----------+-------------------------+-------------------------+-------------------------+-------------------------+
|     7     |    -0.489300110253592   |    2.4752472532211116   |        0.0078125        |  0.0032737255096435547  |
+-----------+-------------------------+-------------------------+-------------------------+-------------------------+
|     8     |   -0.03619316294935243  |    3.2040234849735234   |        0.00390625       |   0.003972768783569336  |
+-----------+-------------------------+-------------------------+-------------------------+-------------------------+
|     9     |   -0.11272520774320667  |    2.8238469741659107   |       0.001953125       |   0.004698276519775391  |
+-----------+-------------------------+-------------------------+-------------------------+-------------------------+
|     10    |    1.221508509241198    |    3.6532194706126853   |       0.0009765625      |   0.005489826202392578  |
+-----------+-------------------------+-------------------------+-------------------------+-------------------------+
|     11    |   -0.45701923050120846  |    3.261338499649546    |      0.00048828125      |   0.006345510482788086  |
+-----------+-------------------------+-------------------------+-------------------------+-------------------------+
|     12    |    1.0487239167330227   |    3.9012906834949974   |      0.000244140625     |      0.00732421875      |
+-----------+-------------------------+-------------------------+-------------------------+-------------------------+
The iteration converged successfully after 13 steps.
Minimum of cost function: [MINIMUM]
